Archive member included because of file (symbol)

C:\Users\Than\AppData\Local\Temp\VMBuilds\Driver_DA\STM32_genericSTM32F103C\Debug/core.a(exc.S.o)
                              (__exc_hardfault)
C:\Users\Than\AppData\Local\Temp\VMBuilds\Driver_DA\STM32_genericSTM32F103C\Debug/core.a(isrs.S.o)
                              (__stm32reservedexception7)
C:\Users\Than\AppData\Local\Temp\VMBuilds\Driver_DA\STM32_genericSTM32F103C\Debug/core.a(vector_table.S.o)
                              (__stm32_vector_table)
C:\Users\Than\AppData\Local\Temp\VMBuilds\Driver_DA\STM32_genericSTM32F103C\Debug/core.a(adc.c.o)
                              C:\Users\Than\AppData\Local\Temp\VMBuilds\Driver_DA\STM32_genericSTM32F103C\Debug\variant\boards.cpp.o (adc_set_sample_rate)
C:\Users\Than\AppData\Local\Temp\VMBuilds\Driver_DA\STM32_genericSTM32F103C\Debug/core.a(adc_f1.c.o)
                              C:\Users\Than\AppData\Local\Temp\VMBuilds\Driver_DA\STM32_genericSTM32F103C\Debug\variant\boards.cpp.o (adc_set_prescaler)
C:\Users\Than\AppData\Local\Temp\VMBuilds\Driver_DA\STM32_genericSTM32F103C\Debug/core.a(flash.c.o)
                              C:\Users\Than\AppData\Local\Temp\VMBuilds\Driver_DA\STM32_genericSTM32F103C\Debug\variant\boards.cpp.o (flash_set_latency)
C:\Users\Than\AppData\Local\Temp\VMBuilds\Driver_DA\STM32_genericSTM32F103C\Debug/core.a(gpio_f1.c.o)
                              C:\Users\Than\AppData\Local\Temp\VMBuilds\Driver_DA\STM32_genericSTM32F103C\Debug\variant\boards_setup.cpp.o (gpio_init_all)
C:\Users\Than\AppData\Local\Temp\VMBuilds\Driver_DA\STM32_genericSTM32F103C\Debug/core.a(nvic.c.o)
                              C:\Users\Than\AppData\Local\Temp\VMBuilds\Driver_DA\STM32_genericSTM32F103C\Debug\variant\boards.cpp.o (nvic_init)
C:\Users\Than\AppData\Local\Temp\VMBuilds\Driver_DA\STM32_genericSTM32F103C\Debug/core.a(rcc.c.o)
                              C:\Users\Than\AppData\Local\Temp\VMBuilds\Driver_DA\STM32_genericSTM32F103C\Debug\variant\boards.cpp.o (rcc_switch_sysclk)
C:\Users\Than\AppData\Local\Temp\VMBuilds\Driver_DA\STM32_genericSTM32F103C\Debug/core.a(rcc_f1.c.o)
                              C:\Users\Than\AppData\Local\Temp\VMBuilds\Driver_DA\STM32_genericSTM32F103C\Debug\variant\boards.cpp.o (rcc_configure_pll)
C:\Users\Than\AppData\Local\Temp\VMBuilds\Driver_DA\STM32_genericSTM32F103C\Debug/core.a(systick.c.o)
                              C:\Users\Than\AppData\Local\Temp\VMBuilds\Driver_DA\STM32_genericSTM32F103C\Debug\variant\boards.cpp.o (systick_init)
C:\Users\Than\AppData\Local\Temp\VMBuilds\Driver_DA\STM32_genericSTM32F103C\Debug/core.a(timer.c.o)
                              C:\Users\Than\AppData\Local\Temp\VMBuilds\Driver_DA\STM32_genericSTM32F103C\Debug\variant\boards.cpp.o (timer_foreach)
C:\Users\Than\AppData\Local\Temp\VMBuilds\Driver_DA\STM32_genericSTM32F103C\Debug/core.a(usart_f1.c.o)
                              C:\Users\Than\AppData\Local\Temp\VMBuilds\Driver_DA\STM32_genericSTM32F103C\Debug\variant\board.cpp.o (USART3)
C:\Users\Than\AppData\Local\Temp\VMBuilds\Driver_DA\STM32_genericSTM32F103C\Debug/core.a(usart_private.c.o)
                              C:\Users\Than\AppData\Local\Temp\VMBuilds\Driver_DA\STM32_genericSTM32F103C\Debug/core.a(usart_f1.c.o) (_usart_clock_freq)
C:\Users\Than\AppData\Local\Temp\VMBuilds\Driver_DA\STM32_genericSTM32F103C\Debug/core.a(util.c.o)
                              C:\Users\Than\AppData\Local\Temp\VMBuilds\Driver_DA\STM32_genericSTM32F103C\Debug/core.a(exc.S.o) (__error)
C:\Users\Than\AppData\Local\Temp\VMBuilds\Driver_DA\STM32_genericSTM32F103C\Debug/core.a(ext_interrupts.cpp.o)
                              C:\Users\Than\AppData\Local\Temp\VMBuilds\Driver_DA\STM32_genericSTM32F103C\Debug\Driver_DA.cpp.o (attachInterrupt(unsigned char, void (*)(), ExtIntTriggerMode))
C:\Users\Than\AppData\Local\Temp\VMBuilds\Driver_DA\STM32_genericSTM32F103C\Debug/core.a(HardwareSerial.cpp.o)
                              C:\Users\Than\AppData\Local\Temp\VMBuilds\Driver_DA\STM32_genericSTM32F103C\Debug\Driver_DA.cpp.o (HardwareSerial::available())
C:\Users\Than\AppData\Local\Temp\VMBuilds\Driver_DA\STM32_genericSTM32F103C\Debug/core.a(main.cpp.o)
                              (main)
C:\Users\Than\AppData\Local\Temp\VMBuilds\Driver_DA\STM32_genericSTM32F103C\Debug/core.a(Print.cpp.o)
                              C:\Users\Than\AppData\Local\Temp\VMBuilds\Driver_DA\STM32_genericSTM32F103C\Debug/core.a(HardwareSerial.cpp.o) (Print::write(char const*))
C:\Users\Than\AppData\Local\Temp\VMBuilds\Driver_DA\STM32_genericSTM32F103C\Debug/core.a(pwm.cpp.o)
                              C:\Users\Than\AppData\Local\Temp\VMBuilds\Driver_DA\STM32_genericSTM32F103C\Debug\Driver_DA.cpp.o (analogWrite(unsigned char, int))
C:\Users\Than\AppData\Local\Temp\VMBuilds\Driver_DA\STM32_genericSTM32F103C\Debug/core.a(Stream.cpp.o)
[...]
Memory Configuration

Name             Origin             Length             Attributes
ram              0x20000000         0x00005000         xrw
rom              0x08000000         0x00010000         xr
*default*        0x00000000         0xffffffff

Linker script and memory map

LOAD c:/users/than/appdata/local/arduino15/packages/arduino/tools/arm-none-eabi-gcc/4.8.3-2014q1/bin/../lib/gcc/arm-none-eabi/4.8.3/armv7-m/crti.o
LOAD c:/users/than/appdata/local/arduino15/packages/arduino/tools/arm-none-eabi-gcc/4.8.3-2014q1/bin/../lib/gcc/arm-none-eabi/4.8.3/armv7-m/crtbegin.o
LOAD c:/users/than/appdata/local/arduino15/packages/arduino/tools/arm-none-eabi-gcc/4.8.3-2014q1/bin/../lib/gcc/arm-none-eabi/4.8.3/../../../../arm-none-eabi/lib/armv7-m/crt0.o
LOAD c:/users/than/appdata/local/arduino15/packages/arduino/tools/arm-none-eabi-gcc/4.8.3-2014q1/bin/../lib/gcc/arm-none-eabi/4.8.3/armv7-m\libgcc.a
START GROUP
LOAD C:\Users\Than\AppData\Local\Temp\VMBuilds\Driver_DA\STM32_genericSTM32F103C\Debug\Driver_DA.cpp.o
LOAD C:\Users\Than\AppData\Local\Temp\VMBuilds\Driver_DA\STM32_genericSTM32F103C\Debug\MultiThread.cpp.o
LOAD C:\Users\Than\AppData\Local\Temp\VMBuilds\Driver_DA\STM32_genericSTM32F103C\Debug\variant\start.S.o
LOAD C:\Users\Than\AppData\Local\Temp\VMBuilds\Driver_DA\STM32_genericSTM32F103C\Debug\variant\start_c.c.o
LOAD C:\Users\Than\AppData\Local\Temp\VMBuilds\Driver_DA\STM32_genericSTM32F103C\Debug\variant\syscalls.c.o
LOAD C:\Users\Than\AppData\Local\Temp\VMBuilds\Driver_DA\STM32_genericSTM32F103C\Debug\variant\board.cpp.o
LOAD C:\Users\Than\AppData\Local\Temp\VMBuilds\Driver_DA\STM32_genericSTM32F103C\Debug\variant\boards.cpp.o
LOAD C:\Users\Than\AppData\Local\Temp\VMBuilds\Driver_DA\STM32_genericSTM32F103C\Debug\variant\boards_setup.cpp.o
LOAD C:\Users\Than\AppData\Local\Temp\VMBuilds\Driver_DA\STM32_genericSTM32F103C\Debug/core.a
END GROUP
LOAD c:/users/than/appdata/local/arduino15/packages/arduino/tools/arm-none-eabi-gcc/4.8.3-2014q1/bin/../lib/gcc/arm-none-eabi/4.8.3/../../../../arm-none-eabi/lib/armv7-m\libstdc++.a
LOAD c:/users/than/appdata/local/arduino15/packages/arduino/tools/arm-none-eabi-gcc/4.8.3-2014q1/bin/../lib/gcc/arm-none-eabi/4.8.3/../../../../arm-none-eabi/lib/armv7-m\libm.a
START GROUP
LOAD c:/users/than/appdata/local/arduino15/packages/arduino/tools/arm-none-eabi-gcc/4.8.3-2014q1/bin/../lib/gcc/arm-none-eabi/4.8.3/armv7-m\libgcc.a
LOAD c:/users/than/appdata/local/arduino15/packages/arduino/tools/arm-none-eabi-gcc/4.8.3-2014q1/bin/../lib/gcc/arm-none-eabi/4.8.3/../../../../arm-none-eabi/lib/armv7-m\libc.a
END GROUP
LOAD c:/users/than/appdata/local/arduino15/packages/arduino/tools/arm-none-eabi-gcc/4.8.3-2014q1/bin/../lib/gcc/arm-none-eabi/4.8.3/armv7-m/crtend.o
LOAD c:/users/than/appdata/local/arduino15/packages/arduino/tools/arm-none-eabi-gcc/4.8.3-2014q1/bin/../lib/gcc/arm-none-eabi/4.8.3/armv7-m/crtn.o
START GROUP
LOAD c:/users/than/appdata/local/arduino15/packages/arduino/tools/arm-none-eabi-gcc/4.8.3-2014q1/bin/../lib/gcc/arm-none-eabi/4.8.3/armv7-m\libgcc.a
LOAD c:/users/than/appdata/local/arduino15/packages/arduino/tools/arm-none-eabi-gcc/4.8.3-2014q1/bin/../lib/gcc/arm-none-eabi/4.8.3/../../../../arm-none-eabi/lib/armv7-m\libc.a
LOAD c:/users/than/appdata/local/arduino15/packages/arduino/tools/arm-none-eabi-gcc/4.8.3-2014q1/bin/../lib/gcc/arm-none-eabi/4.8.3/../../../../arm-none-eabi/lib/armv7-m\libm.a
END GROUP
START GROUP
LOAD c:/users/than/appdata/local/arduino15/packages/arduino/tools/arm-none-eabi-gcc/4.8.3-2014q1/bin/../lib/gcc/arm-none-eabi/4.8.3/../../../../arm-none-eabi/lib/armv7-m\libnosys.a
END GROUP
                0x20005000                PROVIDE (__msp_init, (ORIGIN (ram) + 0x5000))
                0x08000898                PROVIDE (__exc_reset, __start__)

.text           0x08000000     0x53d0
                0x08000000                __text_start__ = .
 *(.stm32.interrupt_vector)
 .stm32.interrupt_vector
                0x08000000       0xec C:\Users\Than\AppData\Local\Temp\VMBuilds\Driver_DA\STM32_genericSTM32F103C\Debug/core.a(vector_table.S.o)
                0x08000000                __stm32_vector_table
 *(.text .text.* .gnu.linkonce.t.*)
 .text          0x080000ec       0x54 c:/users/than/appdata/local/arduino15/packages/arduino/tools/arm-none-eabi-gcc/4.8.3-2014q1/bin/../lib/gcc/arm-none-eabi/4.8.3/armv7-m/crtbegin.o
 .text._Z14CountPulseA_x4v
                0x08000140       0x50 C:\Users\Than\AppData\Local\Temp\VMBuilds\Driver_DA\STM32_genericSTM32F103C\Debug\Driver_DA.cpp.o
                0x08000140                CountPulseA_x4()
 .text._Z14CountPulseB_x4v
                0x08000190       0x50 C:\Users\Than\AppData\Local\Temp\VMBuilds\Driver_DA\STM32_genericSTM32F103C\Debug\Driver_DA.cpp.o
                0x08000190                CountPulseB_x4()
 .text._Z6InitIOv
                0x080001e0       0x54 C:\Users\Than\AppData\Local\Temp\VMBuilds\Driver_DA\STM32_genericSTM32F103C\Debug\Driver_DA.cpp.o
                0x080001e0                InitIO()
 .text._Z5setupv
                0x08000234       0x18 C:\Users\Than\AppData\Local\Temp\VMBuilds\Driver_DA\STM32_genericSTM32F103C\Debug\Driver_DA.cpp.o
                0x08000234                setup()
 .text._Z5Blinkv
                0x0800024c       0x6c C:\Users\Than\AppData\Local\Temp\VMBuilds\Driver_DA\STM32_genericSTM32F103C\Debug\Driver_DA.cpp.o
                0x0800024c                Blink()
 .text._Z15SetDesiredSpeedi
                0x080002b8       0x28 C:\Users\Than\AppData\Local\Temp\VMBuilds\Driver_DA\STM32_genericSTM32F103C\Debug\Driver_DA.cpp.o
                0x080002b8                SetDesiredSpeed(int)
 .text._Z11AdjustSpeedf
                0x080002e0      0x200 C:\Users\Than\AppData\Local\Temp\VMBuilds\Driver_DA\STM32_genericSTM32F103C\Debug\Driver_DA.cpp.o
                0x080002e0                AdjustSpeed(float)
 .text._Z14AdjustPositions
                0x080004e0      0x154 C:\Users\Than\AppData\Local\Temp\VMBuilds\Driver_DA\STM32_genericSTM32F103C\Debug\Driver_DA.cpp.o
                0x080004e0                AdjustPosition(short)
 .text.startup._GLOBAL__sub_I_Kp
                0x08000634       0x30 C:\Users\Than\AppData\Local\Temp\VMBuilds\Driver_DA\STM32_genericSTM32F103C\Debug\Driver_DA.cpp.o
 .text._Z15ReadControlPackv
                0x08000664      0x1c8 C:\Users\Than\AppData\Local\Temp\VMBuilds\Driver_DA\STM32_genericSTM32F103C\Debug\Driver_DA.cpp.o
                0x08000664                ReadControlPack()
 .text._Z4loopv
                0x0800082c       0x38 C:\Users\Than\AppData\Local\Temp\VMBuilds\Driver_DA\STM32_genericSTM32F103C\Debug\Driver_DA.cpp.o
                0x0800082c                loop()
 .text._ZN11MultiThreadC2Ev
                0x08000864        0x6 C:\Users\Than\AppData\Local\Temp\VMBuilds\Driver_DA\STM32_genericSTM32F103C\Debug\MultiThread.cpp.o
                0x08000864                MultiThread::MultiThread()
                0x08000864                MultiThread::MultiThread()
 *fill*         0x0800086a        0x2 
 .text._ZN11MultiThread10isScheduleEt
                0x0800086c       0x2c C:\Users\Than\AppData\Local\Temp\VMBuilds\Driver_DA\STM32_genericSTM32F103C\Debug\MultiThread.cpp.o
                0x0800086c                MultiThread::isSchedule(unsigned short)
 .text          0x08000898       0x10 C:\Users\Than\AppData\Local\Temp\VMBuilds\Driver_DA\STM32_genericSTM32F103C\Debug\variant\start.S.o
                0x08000898                __start__
 .text.start_c  0x080008a8       0x64 C:\Users\Than\AppData\Local\Temp\VMBuilds\Driver_DA\STM32_genericSTM32F103C\Debug\variant\start_c.c.o
                0x080008a8                start_c
 .text._sbrk    0x0800090c       0x44 C:\Users\Than\AppData\Local\Temp\VMBuilds\Driver_DA\STM32_genericSTM32F103C\Debug\variant\syscalls.c.o
                0x0800090c                _sbrk
 .text._exit    0x08000950        0x2 C:\Users\Than\AppData\Local\Temp\VMBuilds\Driver_DA\STM32_genericSTM32F103C\Debug\variant\syscalls.c.o
                0x08000950                _exit
 .text._Z9boardInitv
                0x08000952        0x2 C:\Users\Than\AppData\Local\Temp\VMBuilds\Driver_DA\STM32_genericSTM32F103C\Debug\variant\board.cpp.o
                0x08000952                boardInit()
 .text.startup._GLOBAL__sub_I__Z9boardInitv
                0x08000954       0x48 C:\Users\Than\AppData\Local\Temp\VMBuilds\Driver_DA\STM32_genericSTM32F103C\Debug\variant\board.cpp.o
 .text._ZL18adc_default_configP7adc_dev
                0x0800099c       0x1c C:\Users\Than\AppData\Local\Temp\VMBuilds\Driver_DA\STM32_genericSTM32F103C\Debug\variant\boards.cpp.o
 .text._ZL20timer_default_configP9timer_dev
                0x080009b8       0x9e C:\Users\Than\AppData\Local\Temp\VMBuilds\Driver_DA\STM32_genericSTM32F103C\Debug\variant\boards.cpp.o
 *fill*         0x08000a56        0x2 
 .text._Z4initv
                0x08000a58       0xbc C:\Users\Than\AppData\Local\Temp\VMBuilds\Driver_DA\STM32_genericSTM32F103C\Debug\variant\boards.cpp.o
                0x08000a58                init()
 .text._ZN6wirish4priv15board_reset_pllEv
                0x08000b14        0x2 C:\Users\Than\AppData\Local\Temp\VMBuilds\Driver_DA\STM32_genericSTM32F103C\Debug\variant\boards_setup.cpp.o
                0x08000b14                wirish::priv::board_reset_pll()
 .text._ZN6wirish4priv28board_setup_clock_prescalersEv
                0x08000b16       0x2e C:\Users\Than\AppData\Local\Temp\VMBuilds\Driver_DA\STM32_genericSTM32F103C\Debug\variant\boards_setup.cpp.o
                0x08000b16                wirish::priv::board_setup_clock_prescalers()
 .text._ZN6wirish4priv16board_setup_gpioEv
                0x08000b44        0x4 C:\Users\Than\AppData\Local\Temp\VMBuilds\Driver_DA\STM32_genericSTM32F103C\Debug\variant\boards_setup.cpp.o
                0x08000b44                wirish::priv::board_setup_gpio()
 .text._ZN6wirish4priv15board_setup_usbEv
                0x08000b48       0x54 C:\Users\Than\AppData\Local\Temp\VMBuilds\Driver_DA\STM32_genericSTM32F103C\Debug\variant\boards_setup.cpp.o
                0x08000b48                wirish::priv::board_setup_usb()
 .text._ZN6wirish4priv11series_initEv
                0x08000b9c        0x4 C:\Users\Than\AppData\Local\Temp\VMBuilds\Driver_DA\STM32_genericSTM32F103C\Debug\variant\boards_setup.cpp.o
                0x08000b9c                wirish::priv::series_init()
 .text          0x08000ba0       0x60 C:\Users\Than\AppData\Local\Temp\VMBuilds\Driver_DA\STM32_genericSTM32F103C\Debug/core.a(exc.S.o)
                0x08000ba0                __exc_nmi
                0x08000ba4                __exc_hardfault
                0x08000ba8                __exc_memmanage
                0x08000bac                __exc_busfault
                0x08000bb0                __exc_usagefault
 .text          0x08000c00        0x2 C:\Users\Than\AppData\Local\Temp\VMBuilds\Driver_DA\STM32_genericSTM32F103C\Debug/core.a(isrs.S.o)
                0x08000c00                __stm32reservedexception9
                0x08000c00                __irq_dma1_channel3
                0x08000c00                __irq_i2c2_er
                0x08000c00                __irq_i2c1_er
                0x08000c00                __irq_dma1_channel6
                0x08000c00                __exc_debug_monitor
                0x08000c00                __irq_dma1_channel1
                0x08000c00                __exc_svc
                0x08000c00                __irq_dma1_channel4
                0x08000c00                __irq_dma1_channel7
                0x08000c00                __irq_can_rx1
                0x08000c00                __irq_spi2
                0x08000c00                __irq_can_sce
                0x08000c00                __irq_pvd
                0x08000c00                __irq_tamper
                0x08000c00                __default_handler
                0x08000c00                __irq_wwdg
                0x08000c00                __stm32reservedexception10
                0x08000c00                __irq_flash
                0x08000c00                __irq_i2c2_ev
                0x08000c00                __irq_dma1_channel2
                0x08000c00                __irq_dma1_channel5
                0x08000c00                __stm32reservedexception13
                0x08000c00                __irq_rtc
                0x08000c00                __irq_spi1
                0x08000c00                __stm32reservedexception7
                0x08000c00                __irq_usb_hp_can_tx
                0x08000c00                __irq_rtcalarm
                0x08000c00                __stm32reservedexception8
                0x08000c00                __exc_pendsv
                0x08000c00                __irq_i2c1_ev
                0x08000c00                __irq_usbwakeup
                0x08000c00                __irq_rcc
 .text.adc_init
                0x08000c02       0x14 C:\Users\Than\AppData\Local\Temp\VMBuilds\Driver_DA\STM32_genericSTM32F103C\Debug/core.a(adc.c.o)
                0x08000c02                adc_init
 .text.adc_set_extsel
                0x08000c16       0x12 C:\Users\Than\AppData\Local\Temp\VMBuilds\Driver_DA\STM32_genericSTM32F103C\Debug/core.a(adc.c.o)
                0x08000c16                adc_set_extsel
 .text.adc_set_sample_rate
                0x08000c28       0x30 C:\Users\Than\AppData\Local\Temp\VMBuilds\Driver_DA\STM32_genericSTM32F103C\Debug/core.a(adc.c.o)
                0x08000c28                adc_set_sample_rate
 .text.__irq_adc
                0x08000c58       0x50 C:\Users\Than\AppData\Local\Temp\VMBuilds\Driver_DA\STM32_genericSTM32F103C\Debug/core.a(adc_f1.c.o)
                0x08000c58                __irq_adc
 .text.adc_calibrate
                0x08000ca8       0x24 C:\Users\Than\AppData\Local\Temp\VMBuilds\Driver_DA\STM32_genericSTM32F103C\Debug/core.a(adc_f1.c.o)
                0x08000ca8                adc_calibrate
 .text.adc_set_prescaler
                0x08000ccc        0x8 C:\Users\Than\AppData\Local\Temp\VMBuilds\Driver_DA\STM32_genericSTM32F103C\Debug/core.a(adc_f1.c.o)
                0x08000ccc                adc_set_prescaler
 .text.adc_foreach
                0x08000cd4       0x1c C:\Users\Than\AppData\Local\Temp\VMBuilds\Driver_DA\STM32_genericSTM32F103C\Debug/core.a(adc_f1.c.o)
                0x08000cd4                adc_foreach
 .text.adc_enable_single_swstart
                0x08000cf0       0x36 C:\Users\Than\AppData\Local\Temp\VMBuilds\Driver_DA\STM32_genericSTM32F103C\Debug/core.a(adc_f1.c.o)
                0x08000cf0                adc_enable_single_swstart
 *fill*         0x08000d26        0x2 
 .text.flash_set_latency
                0x08000d28       0x14 C:\Users\Than\AppData\Local\Temp\VMBuilds\Driver_DA\STM32_genericSTM32F103C\Debug/core.a(flash.c.o)
                0x08000d28                flash_set_latency
 .text.gpio_init_all
                0x08000d3c       0x30 C:\Users\Than\AppData\Local\Temp\VMBuilds\Driver_DA\STM32_genericSTM32F103C\Debug/core.a(gpio_f1.c.o)
                0x08000d3c                gpio_init_all
 .text.gpio_set_mode
                0x08000d6c       0x50 C:\Users\Than\AppData\Local\Temp\VMBuilds\Driver_DA\STM32_genericSTM32F103C\Debug/core.a(gpio_f1.c.o)
                0x08000d6c                gpio_set_mode
 .text.afio_init
                0x08000dbc       0x12 C:\Users\Than\AppData\Local\Temp\VMBuilds\Driver_DA\STM32_genericSTM32F103C\Debug/core.a(gpio_f1.c.o)
                0x08000dbc                afio_init
 *fill*         0x08000dce        0x2 
 .text.nvic_irq_set_priority
                0x08000dd0       0x28 C:\Users\Than\AppData\Local\Temp\VMBuilds\Driver_DA\STM32_genericSTM32F103C\Debug/core.a(nvic.c.o)
                0x08000dd0                nvic_irq_set_priority
 .text.nvic_init
                0x08000df8       0x30 C:\Users\Than\AppData\Local\Temp\VMBuilds\Driver_DA\STM32_genericSTM32F103C\Debug/core.a(nvic.c.o)
                0x08000df8                nvic_init
 .text.nvic_sys_reset
                0x08000e28       0x1c C:\Users\Than\AppData\Local\Temp\VMBuilds\Driver_DA\STM32_genericSTM32F103C\Debug/core.a(nvic.c.o)
                0x08000e28                nvic_sys_reset
 .text.rcc_dev_clk
                0x08000e44        0xc C:\Users\Than\AppData\Local\Temp\VMBuilds\Driver_DA\STM32_genericSTM32F103C\Debug/core.a(rcc.c.o)
                0x08000e44                rcc_dev_clk
 .text.rcc_switch_sysclk
                0x08000e50       0x20 C:\Users\Than\AppData\Local\Temp\VMBuilds\Driver_DA\STM32_genericSTM32F103C\Debug/core.a(rcc.c.o)
                0x08000e50                rcc_switch_sysclk
 .text.rcc_turn_on_clk
                0x08000e70       0x1a C:\Users\Than\AppData\Local\Temp\VMBuilds\Driver_DA\STM32_genericSTM32F103C\Debug/core.a(rcc.c.o)
                0x08000e70                rcc_turn_on_clk
 .text.rcc_turn_off_clk
                0x08000e8a       0x1c C:\Users\Than\AppData\Local\Temp\VMBuilds\Driver_DA\STM32_genericSTM32F103C\Debug/core.a(rcc.c.o)
                0x08000e8a                rcc_turn_off_clk
 .text.rcc_is_clk_ready
                0x08000ea6       0x18 C:\Users\Than\AppData\Local\Temp\VMBuilds\Driver_DA\STM32_genericSTM32F103C\Debug/core.a(rcc.c.o)
                0x08000ea6                rcc_is_clk_ready
 *fill*         0x08000ebe        0x2 
 .text.rcc_configure_pll
                0x08000ec0       0x18 C:\Users\Than\AppData\Local\Temp\VMBuilds\Driver_DA\STM32_genericSTM32F103C\Debug/core.a(rcc_f1.c.o)
                0x08000ec0                rcc_configure_pll
 .text.rcc_clk_enable
                0x08000ed8       0x30 C:\Users\Than\AppData\Local\Temp\VMBuilds\Driver_DA\STM32_genericSTM32F103C\Debug/core.a(rcc_f1.c.o)
                0x08000ed8                rcc_clk_enable
 .text.rcc_reset_dev
                0x08000f08       0x34 C:\Users\Than\AppData\Local\Temp\VMBuilds\Driver_DA\STM32_genericSTM32F103C\Debug/core.a(rcc_f1.c.o)
                0x08000f08                rcc_reset_dev
 .text.rcc_set_prescaler
                0x08000f3c       0x20 C:\Users\Than\AppData\Local\Temp\VMBuilds\Driver_DA\STM32_genericSTM32F103C\Debug/core.a(rcc_f1.c.o)
                0x08000f3c                rcc_set_prescaler
 .text.rcc_clk_disable
                0x08000f5c       0x30 C:\Users\Than\AppData\Local\Temp\VMBuilds\Driver_DA\STM32_genericSTM32F103C\Debug/core.a(rcc_f1.c.o)
                0x08000f5c                rcc_clk_disable
 .text.systick_init
                0x08000f8c       0x10 C:\Users\Than\AppData\Local\Temp\VMBuilds\Driver_DA\STM32_genericSTM32F103C\Debug/core.a(systick.c.o)
                0x08000f8c                systick_init
 .text.__exc_systick
                0x08000f9c       0x1c C:\Users\Than\AppData\Local\Temp\VMBuilds\Driver_DA\STM32_genericSTM32F103C\Debug/core.a(systick.c.o)
                0x08000f9c                __exc_systick
 .text.timer_oc_set_mode
                0x08000fb8       0x3a C:\Users\Than\AppData\Local\Temp\VMBuilds\Driver_DA\STM32_genericSTM32F103C\Debug/core.a(timer.c.o)
 *fill*         0x08000ff2        0x2 
 .text.timer_foreach
                0x08000ff4       0x28 C:\Users\Than\AppData\Local\Temp\VMBuilds\Driver_DA\STM32_genericSTM32F103C\Debug/core.a(timer.c.o)
                0x08000ff4                timer_foreach
 .text.timer_init
                0x0800101c       0x14 C:\Users\Than\AppData\Local\Temp\VMBuilds\Driver_DA\STM32_genericSTM32F103C\Debug/core.a(timer.c.o)
                0x0800101c                timer_init
 .text.timer_has_cc_channel
                0x08001030       0x30 C:\Users\Than\AppData\Local\Temp\VMBuilds\Driver_DA\STM32_genericSTM32F103C\Debug/core.a(timer.c.o)
                0x08001030                timer_has_cc_channel
 .text.timer_detach_interrupt
                0x08001060       0x1e C:\Users\Than\AppData\Local\Temp\VMBuilds\Driver_DA\STM32_genericSTM32F103C\Debug/core.a(timer.c.o)
                0x08001060                timer_detach_interrupt
 .text.timer_set_mode
                0x0800107e       0x86 C:\Users\Than\AppData\Local\Temp\VMBuilds\Driver_DA\STM32_genericSTM32F103C\Debug/core.a(timer.c.o)
                0x0800107e                timer_set_mode
 .text.__irq_tim1_brk
                0x08001104       0x24 C:\Users\Than\AppData\Local\Temp\VMBuilds\Driver_DA\STM32_genericSTM32F103C\Debug/core.a(timer.c.o)
                0x08001104                __irq_tim1_brk
 .text.__irq_tim1_up
                0x08001128       0x24 C:\Users\Than\AppData\Local\Temp\VMBuilds\Driver_DA\STM32_genericSTM32F103C\Debug/core.a(timer.c.o)
                0x08001128                __irq_tim1_up
 .text.__irq_tim1_trg_com
                0x0800114c       0x38 C:\Users\Than\AppData\Local\Temp\VMBuilds\Driver_DA\STM32_genericSTM32F103C\Debug/core.a(timer.c.o)
                0x0800114c                __irq_tim1_trg_com
 .text.__irq_tim1_cc
                0x08001184       0x54 C:\Users\Than\AppData\Local\Temp\VMBuilds\Driver_DA\STM32_genericSTM32F103C\Debug/core.a(timer.c.o)
                0x08001184                __irq_tim1_cc
 .text.__irq_tim2
                0x080011d8       0x70 C:\Users\Than\AppData\Local\Temp\VMBuilds\Driver_DA\STM32_genericSTM32F103C\Debug/core.a(timer.c.o)
                0x080011d8                __irq_tim2
 .text.__irq_tim3
                0x08001248       0x70 C:\Users\Than\AppData\Local\Temp\VMBuilds\Driver_DA\STM32_genericSTM32F103C\Debug/core.a(timer.c.o)
                0x08001248                __irq_tim3
 .text.__irq_tim4
                0x080012b8       0x70 C:\Users\Than\AppData\Local\Temp\VMBuilds\Driver_DA\STM32_genericSTM32F103C\Debug/core.a(timer.c.o)
                0x080012b8                __irq_tim4
 .text.rb_remove
                0x08001328       0x24 C:\Users\Than\AppData\Local\Temp\VMBuilds\Driver_DA\STM32_genericSTM32F103C\Debug/core.a(usart_f1.c.o)
 .text.rb_push_insert
                0x0800134c       0x52 C:\Users\Than\AppData\Local\Temp\VMBuilds\Driver_DA\STM32_genericSTM32F103C\Debug/core.a(usart_f1.c.o)
 .text.usart_config_gpios_async
                0x0800139e       0x4a C:\Users\Than\AppData\Local\Temp\VMBuilds\Driver_DA\STM32_genericSTM32F103C\Debug/core.a(usart_f1.c.o)
                0x0800139e                usart_config_gpios_async
 .text.usart_set_baud_rate
                0x080013e8       0x3c C:\Users\Than\AppData\Local\Temp\VMBuilds\Driver_DA\STM32_genericSTM32F103C\Debug/core.a(usart_f1.c.o)
                0x080013e8                usart_set_baud_rate
 .text.__irq_usart1
                0x08001424       0x54 C:\Users\Than\AppData\Local\Temp\VMBuilds\Driver_DA\STM32_genericSTM32F103C\Debug/core.a(usart_f1.c.o)
                0x08001424                __irq_usart1
 .text.__irq_usart2
                0x08001478       0x54 C:\Users\Than\AppData\Local\Temp\VMBuilds\Driver_DA\STM32_genericSTM32F103C\Debug/core.a(usart_f1.c.o)
                0x08001478                __irq_usart2
 .text.__irq_usart3
                0x080014cc       0x54 C:\Users\Than\AppData\Local\Temp\VMBuilds\Driver_DA\STM32_genericSTM32F103C\Debug/core.a(usart_f1.c.o)
                0x080014cc                __irq_usart3
 .text._usart_clock_freq
                0x08001520       0x24 C:\Users\Than\AppData\Local\Temp\VMBuilds\Driver_DA\STM32_genericSTM32F103C\Debug/core.a(usart_private.c.o)
                0x08001520                _usart_clock_freq
 .text.throb    0x08001544       0x4c C:\Users\Than\AppData\Local\Temp\VMBuilds\Driver_DA\STM32_genericSTM32F103C\Debug/core.a(util.c.o)
                0x08001544                throb
 .text.__error  0x08001590       0x14 C:\Users\Than\AppData\Local\Temp\VMBuilds\Driver_DA\STM32_genericSTM32F103C\Debug/core.a(util.c.o)
                0x08001590                __error
 .text._Z15attachInterrupthPFvvE17ExtIntTriggerMode
                0x080015a4       0x3c C:\Users\Than\AppData\Local\Temp\VMBuilds\Driver_DA\STM32_genericSTM32F103C\Debug/core.a(ext_interrupts.cpp.o)
                0x080015a4                attachInterrupt(unsigned char, void (*)(), ExtIntTriggerMode)
 .text._ZN14HardwareSerial4readEv
                0x080015e0       0x4e C:\Users\Than\AppData\Local\Temp\VMBuilds\Driver_DA\STM32_genericSTM32F103C\Debug/core.a(HardwareSerial.cpp.o)
                0x080015e0                HardwareSerial::read()
 .text._ZN14HardwareSerial4peekEv
                0x0800162e       0x22 C:\Users\Than\AppData\Local\Temp\VMBuilds\Driver_DA\STM32_genericSTM32F103C\Debug/core.a(HardwareSerial.cpp.o)
                0x0800162e                HardwareSerial::peek()
 .text._ZN14HardwareSerial5flushEv
                0x08001650       0x1a C:\Users\Than\AppData\Local\Temp\VMBuilds\Driver_DA\STM32_genericSTM32F103C\Debug/core.a(HardwareSerial.cpp.o)
                0x08001650                HardwareSerial::flush()
 .text._ZN14HardwareSerial5writeEh
                0x0800166a       0x1e C:\Users\Than\AppData\Local\Temp\VMBuilds\Driver_DA\STM32_genericSTM32F103C\Debug/core.a(HardwareSerial.cpp.o)
                0x0800166a                HardwareSerial::write(unsigned char)
 .text._ZN14HardwareSerial9availableEv
                0x08001688       0x26 C:\Users\Than\AppData\Local\Temp\VMBuilds\Driver_DA\STM32_genericSTM32F103C\Debug/core.a(HardwareSerial.cpp.o)
                0x08001688                HardwareSerial::available()
 *fill*         0x080016ae        0x2 
 .text._ZN14HardwareSerialC2EP9usart_devhh
                0x080016b0       0x1c C:\Users\Than\AppData\Local\Temp\VMBuilds\Driver_DA\STM32_genericSTM32F103C\Debug/core.a(HardwareSerial.cpp.o)
                0x080016b0                HardwareSerial::HardwareSerial(usart_dev*, unsigned char, unsigned char)
                0x080016b0                HardwareSerial::HardwareSerial(usart_dev*, unsigned char, unsigned char)
 .text._ZN14HardwareSerial5beginEmh
                0x080016cc       0x78 C:\Users\Than\AppData\Local\Temp\VMBuilds\Driver_DA\STM32_genericSTM32F103C\Debug/core.a(HardwareSerial.cpp.o)
                0x080016cc                HardwareSerial::begin(unsigned long, unsigned char)
 .text._ZN14HardwareSerial5beginEm
                0x08001744        0x6 C:\Users\Than\AppData\Local\Temp\VMBuilds\Driver_DA\STM32_genericSTM32F103C\Debug/core.a(HardwareSerial.cpp.o)
                0x08001744                HardwareSerial::begin(unsigned long)
 .text.startup._Z7premainv
                0x0800174a        0x4 C:\Users\Than\AppData\Local\Temp\VMBuilds\Driver_DA\STM32_genericSTM32F103C\Debug/core.a(main.cpp.o)
                0x0800174a                premain()
 .text.startup.main
                0x0800174e        0xc C:\Users\Than\AppData\Local\Temp\VMBuilds\Driver_DA\STM32_genericSTM32F103C\Debug/core.a(main.cpp.o)
                0x0800174e                main
 .text._ZN5Print5writeEPKc
                0x0800175a       0x1c C:\Users\Than\AppData\Local\Temp\VMBuilds\Driver_DA\STM32_genericSTM32F103C\Debug/core.a(Print.cpp.o)
                0x0800175a                Print::write(char const*)
 .text._ZN5Print5writeEPKvm
                0x08001776       0x20 C:\Users\Than\AppData\Local\Temp\VMBuilds\Driver_DA\STM32_genericSTM32F103C\Debug/core.a(Print.cpp.o)
                0x08001776                Print::write(void const*, unsigned long)
 .text._ZN5Print5printEc
                0x08001796        0xa C:\Users\Than\AppData\Local\Temp\VMBuilds\Driver_DA\STM32_genericSTM32F103C\Debug/core.a(Print.cpp.o)
                0x08001796                Print::print(char)
 .text._ZN5Print5printEPKc
                0x080017a0        0xa C:\Users\Than\AppData\Local\Temp\VMBuilds\Driver_DA\STM32_genericSTM32F103C\Debug/core.a(Print.cpp.o)
                0x080017a0                Print::print(char const*)
 .text._ZN5Print7printlnEv
                0x080017aa       0x18 C:\Users\Than\AppData\Local\Temp\VMBuilds\Driver_DA\STM32_genericSTM32F103C\Debug/core.a(Print.cpp.o)
                0x080017aa                Print::println()
 .text._ZN5Print11printNumberEyh
                0x080017c2       0x84 C:\Users\Than\AppData\Local\Temp\VMBuilds\Driver_DA\STM32_genericSTM32F103C\Debug/core.a(Print.cpp.o)
                0x080017c2                Print::printNumber(unsigned long long, unsigned char)
 .text._ZN5Print5printExi
                0x08001846       0x32 C:\Users\Than\AppData\Local\Temp\VMBuilds\Driver_DA\STM32_genericSTM32F103C\Debug/core.a(Print.cpp.o)
                0x08001846                Print::print(long long, int)
 .text._ZN5Print5printEii
                0x08001878       0x12 C:\Users\Than\AppData\Local\Temp\VMBuilds\Driver_DA\STM32_genericSTM32F103C\Debug/core.a(Print.cpp.o)
                0x08001878                Print::print(int, int)
 *fill*         0x0800188a        0x6 
 .text._ZN5Print10printFloatEdh
                0x08001890      0x158 C:\Users\Than\AppData\Local\Temp\VMBuilds\Driver_DA\STM32_genericSTM32F103C\Debug/core.a(Print.cpp.o)
                0x08001890                Print::printFloat(double, unsigned char)
 .text._ZN5Print7printlnEdi
                0x080019e8       0x1c C:\Users\Than\AppData\Local\Temp\VMBuilds\Driver_DA\STM32_genericSTM32F103C\Debug/core.a(Print.cpp.o)
                0x080019e8                Print::println(double, int)
 .text._Z8pwmWriteht
                0x08001a04       0x24 C:\Users\Than\AppData\Local\Temp\VMBuilds\Driver_DA\STM32_genericSTM32F103C\Debug/core.a(pwm.cpp.o)
                0x08001a04                pwmWrite(unsigned char, unsigned short)
 .text._Z11analogWritehi
                0x08001a28       0x1c C:\Users\Than\AppData\Local\Temp\VMBuilds\Driver_DA\STM32_genericSTM32F103C\Debug/core.a(pwm.cpp.o)
                0x08001a28                analogWrite(unsigned char, int)
 .text._ZN6Stream9timedReadEv
                0x08001a44       0x30 C:\Users\Than\AppData\Local\Temp\VMBuilds\Driver_DA\STM32_genericSTM32F103C\Debug/core.a(Stream.cpp.o)
                0x08001a44                Stream::timedRead()
 .text._ZN6Stream9readBytesEPcj
                0x08001a74       0x22 C:\Users\Than\AppData\Local\Temp\VMBuilds\Driver_DA\STM32_genericSTM32F103C\Debug/core.a(Stream.cpp.o)
                0x08001a74                Stream::readBytes(char*, unsigned int)
 .text._ZN9USBSerial9availableEv
                0x08001a96        0x4 C:\Users\Than\AppData\Local\Temp\VMBuilds\Driver_DA\STM32_genericSTM32F103C\Debug/core.a(usb_serial.cpp.o)
                0x08001a96                USBSerial::available()
 .text._ZN9USBSerial4peekEv
                0x08001a9a       0x1e C:\Users\Than\AppData\Local\Temp\VMBuilds\Driver_DA\STM32_genericSTM32F103C\Debug/core.a(usb_serial.cpp.o)
                0x08001a9a                USBSerial::peek()
 .text._ZN9USBSerial4readEv
                0x08001ab8       0x1e C:\Users\Than\AppData\Local\Temp\VMBuilds\Driver_DA\STM32_genericSTM32F103C\Debug/core.a(usb_serial.cpp.o)
                0x08001ab8                USBSerial::read()
 *fill*         0x08001ad6        0x2 
 .text._ZL14ifaceSetupHookjPv
                0x08001ad8       0x50 C:\Users\Than\AppData\Local\Temp\VMBuilds\Driver_DA\STM32_genericSTM32F103C\Debug/core.a(usb_serial.cpp.o)
 .text._ZL6rxHookjPv
                0x08001b28       0x84 C:\Users\Than\AppData\Local\Temp\VMBuilds\Driver_DA\STM32_genericSTM32F103C\Debug/core.a(usb_serial.cpp.o)
 .text._ZL10wait_resetv
                0x08001bac       0x10 C:\Users\Than\AppData\Local\Temp\VMBuilds\Driver_DA\STM32_genericSTM32F103C\Debug/core.a(usb_serial.cpp.o)
 .text._ZN9USBSerialC2Ev
                0x08001bbc       0x14 C:\Users\Than\AppData\Local\Temp\VMBuilds\Driver_DA\STM32_genericSTM32F103C\Debug/core.a(usb_serial.cpp.o)
                0x08001bbc                USBSerial::USBSerial()
                0x08001bbc                USBSerial::USBSerial()
 .text._ZN9USBSerial5beginEv
                0x08001bd0       0x34 C:\Users\Than\AppData\Local\Temp\VMBuilds\Driver_DA\STM32_genericSTM32F103C\Debug/core.a(usb_serial.cpp.o)
                0x08001bd0                USBSerial::begin()
 .text._ZN9USBSerial4readEPhm
                0x08001c04       0x1c C:\Users\Than\AppData\Local\Temp\VMBuilds\Driver_DA\STM32_genericSTM32F103C\Debug/core.a(usb_serial.cpp.o)
                0x08001c04                USBSerial::read(unsigned char*, unsigned long)
 .text._ZN9USBSerial5flushEv
                0x08001c20       0x1c C:\Users\Than\AppData\Local\Temp\VMBuilds\Driver_DA\STM32_genericSTM32F103C\Debug/core.a(usb_serial.cpp.o)
                0x08001c20                USBSerial::flush()
 .text._ZN9USBSerialcvbEv
                0x08001c3c       0x20 C:\Users\Than\AppData\Local\Temp\VMBuilds\Driver_DA\STM32_genericSTM32F103C\Debug/core.a(usb_serial.cpp.o)
                0x08001c3c                USBSerial::operator bool()
 .text._ZN9USBSerial5writeEPKhm
                0x08001c5c       0x24 C:\Users\Than\AppData\Local\Temp\VMBuilds\Driver_DA\STM32_genericSTM32F103C\Debug/core.a(usb_serial.cpp.o)
                0x08001c5c                USBSerial::write(unsigned char const*, unsigned long)
 .text._ZN9USBSerial5writeEh
                0x08001c80       0x18 C:\Users\Than\AppData\Local\Temp\VMBuilds\Driver_DA\STM32_genericSTM32F103C\Debug/core.a(usb_serial.cpp.o)
                0x08001c80                USBSerial::write(unsigned char)
 .text._ZN9USBSerial5writeEPKc
                0x08001c98       0x1a C:\Users\Than\AppData\Local\Temp\VMBuilds\Driver_DA\STM32_genericSTM32F103C\Debug/core.a(usb_serial.cpp.o)
                0x08001c98                USBSerial::write(char const*)
 *fill*         0x08001cb2        0x2 
 .text.startup._GLOBAL__sub_I__ZN9USBSerial9_hasBegunE
                0x08001cb4        0xc C:\Users\Than\AppData\Local\Temp\VMBuilds\Driver_DA\STM32_genericSTM32F103C\Debug/core.a(usb_serial.cpp.o)
 .text._Z11digitalReadh
                0x08001cc0       0x2c C:\Users\Than\AppData\Local\Temp\VMBuilds\Driver_DA\STM32_genericSTM32F103C\Debug/core.a(wirish_digital.cpp.o)
                0x08001cc0                digitalRead(unsigned char)
 .text._Z12digitalWritehh
                0x08001cec       0x2c C:\Users\Than\AppData\Local\Temp\VMBuilds\Driver_DA\STM32_genericSTM32F103C\Debug/core.a(wirish_digital.cpp.o)
                0x08001cec                digitalWrite(unsigned char, unsigned char)
 .text._Z7pinModeh13WiringPinMode
                0x08001d18       0x84 C:\Users\Than\AppData\Local\Temp\VMBuilds\Driver_DA\STM32_genericSTM32F103C\Debug/core.a(wirish_digital_f1.cpp.o)
                0x08001d18                pinMode(unsigned char, WiringPinMode)
 .text.exti_attach_callback
                0x08001d9c       0xac C:\Users\Than\AppData\Local\Temp\VMBuilds\Driver_DA\STM32_genericSTM32F103C\Debug/core.a(exti.c.o)
                0x08001d9c                exti_attach_callback
 .text.exti_attach_interrupt
                0x08001e48       0x10 C:\Users\Than\AppData\Local\Temp\VMBuilds\Driver_DA\STM32_genericSTM32F103C\Debug/core.a(exti.c.o)
                0x08001e48                exti_attach_interrupt
 .text.exti_do_select
                0x08001e58       0x1a C:\Users\Than\AppData\Local\Temp\VMBuilds\Driver_DA\STM32_genericSTM32F103C\Debug/core.a(exti.c.o)
                0x08001e58                exti_do_select
 *fill*         0x08001e72        0x2 
 .text.__irq_exti0
                0x08001e74       0x20 C:\Users\Than\AppData\Local\Temp\VMBuilds\Driver_DA\STM32_genericSTM32F103C\Debug/core.a(exti.c.o)
                0x08001e74                __irq_exti0
 .text.__irq_exti1
                0x08001e94       0x20 C:\Users\Than\AppData\Local\Temp\VMBuilds\Driver_DA\STM32_genericSTM32F103C\Debug/core.a(exti.c.o)
                0x08001e94                __irq_exti1
 .text.__irq_exti2
                0x08001eb4       0x20 C:\Users\Than\AppData\Local\Temp\VMBuilds\Driver_DA\STM32_genericSTM32F103C\Debug/core.a(exti.c.o)
                0x08001eb4                __irq_exti2
 .text.__irq_exti3
                0x08001ed4       0x20 C:\Users\Than\AppData\Local\Temp\VMBuilds\Driver_DA\STM32_genericSTM32F103C\Debug/core.a(exti.c.o)
                0x08001ed4                __irq_exti3
 .text.__irq_exti4
                0x08001ef4       0x20 C:\Users\Than\AppData\Local\Temp\VMBuilds\Driver_DA\STM32_genericSTM32F103C\Debug/core.a(exti.c.o)
                0x08001ef4                __irq_exti4
 .text.__irq_exti9_5
                0x08001f14       0x44 C:\Users\Than\AppData\Local\Temp\VMBuilds\Driver_DA\STM32_genericSTM32F103C\Debug/core.a(exti.c.o)
                0x08001f14                __irq_exti9_5
 .text.__irq_exti15_10
                0x08001f58       0x44 C:\Users\Than\AppData\Local\Temp\VMBuilds\Driver_DA\STM32_genericSTM32F103C\Debug/core.a(exti.c.o)
                0x08001f58                __irq_exti15_10
 .text.exti_select
                0x08001f9c       0x18 C:\Users\Than\AppData\Local\Temp\VMBuilds\Driver_DA\STM32_genericSTM32F103C\Debug/core.a(exti_f1.c.o)
                0x08001f9c                exti_select
 .text.gpio_init
                0x08001fb4       0x14 C:\Users\Than\AppData\Local\Temp\VMBuilds\Driver_DA\STM32_genericSTM32F103C\Debug/core.a(gpio.c.o)
                0x08001fb4                gpio_init
 .text.iwdg_init
                0x08001fc8       0x20 C:\Users\Than\AppData\Local\Temp\VMBuilds\Driver_DA\STM32_genericSTM32F103C\Debug/core.a(iwdg.c.o)
                0x08001fc8                iwdg_init
 .text.usart_init
                0x08001fe8       0x4c C:\Users\Than\AppData\Local\Temp\VMBuilds\Driver_DA\STM32_genericSTM32F103C\Debug/core.a(usart.c.o)
                0x08001fe8                usart_init
 .text.usart_enable
                0x08002034       0x14 C:\Users\Than\AppData\Local\Temp\VMBuilds\Driver_DA\STM32_genericSTM32F103C\Debug/core.a(usart.c.o)
                0x08002034                usart_enable
 .text.usart_tx
                0x08002048       0x9c C:\Users\Than\AppData\Local\Temp\VMBuilds\Driver_DA\STM32_genericSTM32F103C\Debug/core.a(usart.c.o)
                0x08002048                usart_tx
 .text.usb_resume
                0x080020e4       0xb4 C:\Users\Than\AppData\Local\Temp\VMBuilds\Driver_DA\STM32_genericSTM32F103C\Debug/core.a(usb.c.o)
 .text.usb_init_usblib
                0x08002198       0x48 C:\Users\Than\AppData\Local\Temp\VMBuilds\Driver_DA\STM32_genericSTM32F103C\Debug/core.a(usb.c.o)
                0x08002198                usb_init_usblib
 .text.__irq_usb_lp_can_rx0
                0x080021e0      0x1c8 C:\Users\Than\AppData\Local\Temp\VMBuilds\Driver_DA\STM32_genericSTM32F103C\Debug/core.a(usb.c.o)
                0x080021e0                __irq_usb_lp_can_rx0
 .text.usb_set_ep_rx_stat
                0x080023a8       0x22 C:\Users\Than\AppData\Local\Temp\VMBuilds\Driver_DA\STM32_genericSTM32F103C\Debug/core.a(usb_cdcacm.c.o)
 *fill*         0x080023ca        0x2 
 .text.vcomGetSetLineCoding
                0x080023cc       0x18 C:\Users\Than\AppData\Local\Temp\VMBuilds\Driver_DA\STM32_genericSTM32F103C\Debug/core.a(usb_cdcacm.c.o)
 .text.usbDataSetup
                0x080023e4       0x54 C:\Users\Than\AppData\Local\Temp\VMBuilds\Driver_DA\STM32_genericSTM32F103C\Debug/core.a(usb_cdcacm.c.o)
 .text.usbNoDataSetup
                0x08002438       0x50 C:\Users\Than\AppData\Local\Temp\VMBuilds\Driver_DA\STM32_genericSTM32F103C\Debug/core.a(usb_cdcacm.c.o)
 .text.usbGetInterfaceSetting
                0x08002488       0x10 C:\Users\Than\AppData\Local\Temp\VMBuilds\Driver_DA\STM32_genericSTM32F103C\Debug/core.a(usb_cdcacm.c.o)
 .text.usbSetConfiguration
                0x08002498       0x1c C:\Users\Than\AppData\Local\Temp\VMBuilds\Driver_DA\STM32_genericSTM32F103C\Debug/core.a(usb_cdcacm.c.o)
 .text.usbSetDeviceAddress
                0x080024b4       0x10 C:\Users\Than\AppData\Local\Temp\VMBuilds\Driver_DA\STM32_genericSTM32F103C\Debug/core.a(usb_cdcacm.c.o)
 .text.usbGetStringDescriptor
                0x080024c4       0x20 C:\Users\Than\AppData\Local\Temp\VMBuilds\Driver_DA\STM32_genericSTM32F103C\Debug/core.a(usb_cdcacm.c.o)
 .text.usbGetConfigDescriptor
                0x080024e4        0xc C:\Users\Than\AppData\Local\Temp\VMBuilds\Driver_DA\STM32_genericSTM32F103C\Debug/core.a(usb_cdcacm.c.o)
 .text.usbGetDeviceDescriptor
                0x080024f0        0xc C:\Users\Than\AppData\Local\Temp\VMBuilds\Driver_DA\STM32_genericSTM32F103C\Debug/core.a(usb_cdcacm.c.o)
 .text.usbInit  0x080024fc       0x44 C:\Users\Than\AppData\Local\Temp\VMBuilds\Driver_DA\STM32_genericSTM32F103C\Debug/core.a(usb_cdcacm.c.o)
 .text.vcomDataTxCb
                0x08002540       0xa0 C:\Users\Than\AppData\Local\Temp\VMBuilds\Driver_DA\STM32_genericSTM32F103C\Debug/core.a(usb_cdcacm.c.o)
 .text.usbReset
                0x080025e0      0x160 C:\Users\Than\AppData\Local\Temp\VMBuilds\Driver_DA\STM32_genericSTM32F103C\Debug/core.a(usb_cdcacm.c.o)
 .text.vcomDataRxCb
                0x08002740       0x7c C:\Users\Than\AppData\Local\Temp\VMBuilds\Driver_DA\STM32_genericSTM32F103C\Debug/core.a(usb_cdcacm.c.o)
 .text.usb_cdcacm_set_hooks
                0x080027bc       0x1c C:\Users\Than\AppData\Local\Temp\VMBuilds\Driver_DA\STM32_genericSTM32F103C\Debug/core.a(usb_cdcacm.c.o)
                0x080027bc                usb_cdcacm_set_hooks
 .text.usb_cdcacm_enable
                0x080027d8       0x38 C:\Users\Than\AppData\Local\Temp\VMBuilds\Driver_DA\STM32_genericSTM32F103C\Debug/core.a(usb_cdcacm.c.o)
                0x080027d8                usb_cdcacm_enable
 .text.usb_cdcacm_tx
                0x08002810       0x60 C:\Users\Than\AppData\Local\Temp\VMBuilds\Driver_DA\STM32_genericSTM32F103C\Debug/core.a(usb_cdcacm.c.o)
                0x08002810                usb_cdcacm_tx
 .text.usb_cdcacm_data_available
                0x08002870       0x18 C:\Users\Than\AppData\Local\Temp\VMBuilds\Driver_DA\STM32_genericSTM32F103C\Debug/core.a(usb_cdcacm.c.o)
                0x08002870                usb_cdcacm_data_available
 .text.usb_cdcacm_peek
                0x08002888       0x38 C:\Users\Than\AppData\Local\Temp\VMBuilds\Driver_DA\STM32_genericSTM32F103C\Debug/core.a(usb_cdcacm.c.o)
                0x08002888                usb_cdcacm_peek
 .text.usb_cdcacm_rx
                0x080028c0       0x34 C:\Users\Than\AppData\Local\Temp\VMBuilds\Driver_DA\STM32_genericSTM32F103C\Debug/core.a(usb_cdcacm.c.o)
                0x080028c0                usb_cdcacm_rx
 .text.usb_cdcacm_peek_ex
                0x080028f4       0x40 C:\Users\Than\AppData\Local\Temp\VMBuilds\Driver_DA\STM32_genericSTM32F103C\Debug/core.a(usb_cdcacm.c.o)
                0x080028f4                usb_cdcacm_peek_ex
 .text.usb_cdcacm_get_dtr
                0x08002934       0x10 C:\Users\Than\AppData\Local\Temp\VMBuilds\Driver_DA\STM32_genericSTM32F103C\Debug/core.a(usb_cdcacm.c.o)
                0x08002934                usb_cdcacm_get_dtr
 .text.usb_cdcacm_get_baud
                0x08002944        0xc C:\Users\Than\AppData\Local\Temp\VMBuilds\Driver_DA\STM32_genericSTM32F103C\Debug/core.a(usb_cdcacm.c.o)
                0x08002944                usb_cdcacm_get_baud
 .text.usb_set_ep_rx_count
                0x08002950       0x40 C:\Users\Than\AppData\Local\Temp\VMBuilds\Driver_DA\STM32_genericSTM32F103C\Debug/core.a(usb_reg_map.c.o)
                0x08002950                usb_set_ep_rx_count
 .text.Standard_GetConfiguration
                0x08002990       0x24 C:\Users\Than\AppData\Local\Temp\VMBuilds\Driver_DA\STM32_genericSTM32F103C\Debug/core.a(usb_core.c.o)
                0x08002990                Standard_GetConfiguration
 .text.Standard_GetInterface
                0x080029b4       0x24 C:\Users\Than\AppData\Local\Temp\VMBuilds\Driver_DA\STM32_genericSTM32F103C\Debug/core.a(usb_core.c.o)
                0x080029b4                Standard_GetInterface
 .text.Standard_GetStatus
                0x080029d8       0x90 C:\Users\Than\AppData\Local\Temp\VMBuilds\Driver_DA\STM32_genericSTM32F103C\Debug/core.a(usb_core.c.o)
                0x080029d8                Standard_GetStatus
 .text.DataStageIn
                0x08002a68       0xa8 C:\Users\Than\AppData\Local\Temp\VMBuilds\Driver_DA\STM32_genericSTM32F103C\Debug/core.a(usb_core.c.o)
 .text.Standard_SetConfiguration
                0x08002b10       0x38 C:\Users\Than\AppData\Local\Temp\VMBuilds\Driver_DA\STM32_genericSTM32F103C\Debug/core.a(usb_core.c.o)
                0x08002b10                Standard_SetConfiguration
 .text.Standard_SetInterface
                0x08002b48       0x48 C:\Users\Than\AppData\Local\Temp\VMBuilds\Driver_DA\STM32_genericSTM32F103C\Debug/core.a(usb_core.c.o)
                0x08002b48                Standard_SetInterface
 .text.Standard_ClearFeature
                0x08002b90       0xd0 C:\Users\Than\AppData\Local\Temp\VMBuilds\Driver_DA\STM32_genericSTM32F103C\Debug/core.a(usb_core.c.o)
                0x08002b90                Standard_ClearFeature
 .text.Standard_SetEndPointFeature
                0x08002c60       0x84 C:\Users\Than\AppData\Local\Temp\VMBuilds\Driver_DA\STM32_genericSTM32F103C\Debug/core.a(usb_core.c.o)
                0x08002c60                Standard_SetEndPointFeature
 .text.Standard_SetDeviceFeature
                0x08002ce4       0x24 C:\Users\Than\AppData\Local\Temp\VMBuilds\Driver_DA\STM32_genericSTM32F103C\Debug/core.a(usb_core.c.o)
                0x08002ce4                Standard_SetDeviceFeature
 .text.Standard_GetDescriptorData
                0x08002d08       0x1c C:\Users\Than\AppData\Local\Temp\VMBuilds\Driver_DA\STM32_genericSTM32F103C\Debug/core.a(usb_core.c.o)
                0x08002d08                Standard_GetDescriptorData
 .text.Post0_Process
                0x08002d24       0x40 C:\Users\Than\AppData\Local\Temp\VMBuilds\Driver_DA\STM32_genericSTM32F103C\Debug/core.a(usb_core.c.o)
                0x08002d24                Post0_Process
 .text.Setup0_Process
                0x08002d64      0x2d0 C:\Users\Than\AppData\Local\Temp\VMBuilds\Driver_DA\STM32_genericSTM32F103C\Debug/core.a(usb_core.c.o)
                0x08002d64                Setup0_Process
 .text.Out0_Process
                0x08003034       0xc8 C:\Users\Than\AppData\Local\Temp\VMBuilds\Driver_DA\STM32_genericSTM32F103C\Debug/core.a(usb_core.c.o)
                0x08003034                Out0_Process
 .text.SetDeviceAddress
                0x080030fc       0x38 C:\Users\Than\AppData\Local\Temp\VMBuilds\Driver_DA\STM32_genericSTM32F103C\Debug/core.a(usb_core.c.o)
                0x080030fc                SetDeviceAddress
 .text.In0_Process
                0x08003134       0x5c C:\Users\Than\AppData\Local\Temp\VMBuilds\Driver_DA\STM32_genericSTM32F103C\Debug/core.a(usb_core.c.o)
                0x08003134                In0_Process
 .text.NOP_Process
                0x08003190        0x2 C:\Users\Than\AppData\Local\Temp\VMBuilds\Driver_DA\STM32_genericSTM32F103C\Debug/core.a(usb_core.c.o)
                0x08003190                NOP_Process
 .text.UserToPMABufferCopy
                0x08003192       0x30 C:\Users\Than\AppData\Local\Temp\VMBuilds\Driver_DA\STM32_genericSTM32F103C\Debug/core.a(usb_mem.c.o)
                0x08003192                UserToPMABufferCopy
 .text.PMAToUserBufferCopy
                0x080031c2       0x24 C:\Users\Than\AppData\Local\Temp\VMBuilds\Driver_DA\STM32_genericSTM32F103C\Debug/core.a(usb_mem.c.o)
                0x080031c2                PMAToUserBufferCopy
 .text.SetEPTxStatus
                0x080031e6       0x2a C:\Users\Than\AppData\Local\Temp\VMBuilds\Driver_DA\STM32_genericSTM32F103C\Debug/core.a(usb_regs.c.o)
                0x080031e6                SetEPTxStatus
 .text.ClearDTOG_RX
                0x08003210       0x20 C:\Users\Than\AppData\Local\Temp\VMBuilds\Driver_DA\STM32_genericSTM32F103C\Debug/core.a(usb_regs.c.o)
                0x08003210                ClearDTOG_RX
 .text.ClearDTOG_TX
                0x08003230       0x20 C:\Users\Than\AppData\Local\Temp\VMBuilds\Driver_DA\STM32_genericSTM32F103C\Debug/core.a(usb_regs.c.o)
                0x08003230                ClearDTOG_TX
 .text.GetEPTxAddr
                0x08003250       0x1c C:\Users\Than\AppData\Local\Temp\VMBuilds\Driver_DA\STM32_genericSTM32F103C\Debug/core.a(usb_regs.c.o)
                0x08003250                GetEPTxAddr
 .text.GetEPRxAddr
                0x0800326c       0x1c C:\Users\Than\AppData\Local\Temp\VMBuilds\Driver_DA\STM32_genericSTM32F103C\Debug/core.a(usb_regs.c.o)
                0x0800326c                GetEPRxAddr
 .text.SetEPTxCount
                0x08003288       0x1c C:\Users\Than\AppData\Local\Temp\VMBuilds\Driver_DA\STM32_genericSTM32F103C\Debug/core.a(usb_regs.c.o)
                0x08003288                SetEPTxCount
 .text.SetEPRxCount
                0x080032a4       0x40 C:\Users\Than\AppData\Local\Temp\VMBuilds\Driver_DA\STM32_genericSTM32F103C\Debug/core.a(usb_regs.c.o)
                0x080032a4                SetEPRxCount
 .text          0x080032e4      0x370 c:/users/than/appdata/local/arduino15/packages/arduino/tools/arm-none-eabi-gcc/4.8.3-2014q1/bin/../lib/gcc/arm-none-eabi/4.8.3/armv7-m\libgcc.a(_arm_addsubdf3.o)
                0x080032e4                __aeabi_drsub
                0x080032ec                __aeabi_dsub
                0x080032ec                __subdf3
                0x080032f0                __aeabi_dadd
                0x080032f0                __adddf3
                0x08003568                __floatunsidf
                0x08003568                __aeabi_ui2d
                0x08003588                __floatsidf
                0x08003588                __aeabi_i2d
                0x080035ac                __aeabi_f2d
                0x080035ac                __extendsfdf2
                0x080035e8                __floatundidf
                0x080035e8                __aeabi_ul2d
                0x080035f8                __floatdidf
                0x080035f8                __aeabi_l2d
 .text          0x08003654      0x424 c:/users/than/appdata/local/arduino15/packages/arduino/tools/arm-none-eabi-gcc/4.8.3-2014q1/bin/../lib/gcc/arm-none-eabi/4.8.3/armv7-m\libgcc.a(_arm_muldivdf3.o)
                0x08003654                __aeabi_dmul
                0x08003654                __muldf3
                0x080038a8                __divdf3
                0x080038a8                __aeabi_ddiv
 .text          0x08003a78      0x110 c:/users/than/appdata/local/arduino15/packages/arduino/tools/arm-none-eabi-gcc/4.8.3-2014q1/bin/../lib/gcc/arm-none-eabi/4.8.3/armv7-m\libgcc.a(_arm_cmpdf2.o)
                0x08003a78                __gtdf2
                0x08003a78                __gedf2
                0x08003a80                __ltdf2
                0x08003a80                __ledf2
                0x08003a88                __nedf2
                0x08003a88                __eqdf2
                0x08003a88                __cmpdf2
                0x08003b04                __aeabi_cdrcmple
                0x08003b14                __aeabi_cdcmpeq
                0x08003b14                __aeabi_cdcmple
                0x08003b24                __aeabi_dcmpeq
                0x08003b38                __aeabi_dcmplt
                0x08003b4c                __aeabi_dcmple
                0x08003b60                __aeabi_dcmpge
                0x08003b74                __aeabi_dcmpgt
 .text          0x08003b88       0x50 c:/users/than/appdata/local/arduino15/packages/arduino/tools/arm-none-eabi-gcc/4.8.3-2014q1/bin/../lib/gcc/arm-none-eabi/4.8.3/armv7-m\libgcc.a(_arm_fixdfsi.o)
                0x08003b88                __aeabi_d2iz
                0x08003b88                __fixdfsi
 .text          0x08003bd8       0xa0 c:/users/than/appdata/local/arduino15/packages/arduino/tools/arm-none-eabi-gcc/4.8.3-2014q1/bin/../lib/gcc/arm-none-eabi/4.8.3/armv7-m\libgcc.a(_arm_truncdfsf2.o)
                0x08003bd8                __truncdfsf2
                0x08003bd8                __aeabi_d2f
 .text          0x08003c78      0x21c c:/users/than/appdata/local/arduino15/packages/arduino/tools/arm-none-eabi-gcc/4.8.3-2014q1/bin/../lib/gcc/arm-none-eabi/4.8.3/armv7-m\libgcc.a(_arm_addsubsf3.o)
                0x08003c78                __aeabi_frsub
                0x08003c80                __subsf3
                0x08003c80                __aeabi_fsub
                0x08003c84                __aeabi_fadd
                0x08003c84                __addsf3
                0x08003de4                __aeabi_ui2f
                0x08003de4                __floatunsisf
                0x08003dec                __aeabi_i2f
                0x08003dec                __floatsisf
                0x08003e08                __aeabi_ul2f
                0x08003e08                __floatundisf
                0x08003e18                __aeabi_l2f
                0x08003e18                __floatdisf
 .text          0x08003e94      0x2a0 c:/users/than/appdata/local/arduino15/packages/arduino/tools/arm-none-eabi-gcc/4.8.3-2014q1/bin/../lib/gcc/arm-none-eabi/4.8.3/armv7-m\libgcc.a(_arm_muldivsf3.o)
                0x08003e94                __mulsf3
                0x08003e94                __aeabi_fmul
                0x08003ffc                __aeabi_fdiv
                0x08003ffc                __divsf3
 .text          0x08004134       0xec c:/users/than/appdata/local/arduino15/packages/arduino/tools/arm-none-eabi-gcc/4.8.3-2014q1/bin/../lib/gcc/arm-none-eabi/4.8.3/armv7-m\libgcc.a(_arm_cmpsf2.o)
                0x08004134                __gesf2
                0x08004134                __gtsf2
                0x0800413c                __lesf2
                0x0800413c                __ltsf2
                0x08004144                __nesf2
                0x08004144                __eqsf2
                0x08004144                __cmpsf2
                0x080041a4                __aeabi_cfrcmple
                0x080041ac                __aeabi_cfcmpeq
                0x080041ac                __aeabi_cfcmple
                0x080041bc                __aeabi_fcmpeq
                0x080041d0                __aeabi_fcmplt
                0x080041e4                __aeabi_fcmple
                0x080041f8                __aeabi_fcmpge
                0x0800420c                __aeabi_fcmpgt
 .text          0x08004220       0x4c c:/users/than/appdata/local/arduino15/packages/arduino/tools/arm-none-eabi-gcc/4.8.3-2014q1/bin/../lib/gcc/arm-none-eabi/4.8.3/armv7-m\libgcc.a(_arm_fixsfsi.o)
                0x08004220                __aeabi_f2iz
                0x08004220                __fixsfsi
 .text          0x0800426c       0x40 c:/users/than/appdata/local/arduino15/packages/arduino/tools/arm-none-eabi-gcc/4.8.3-2014q1/bin/../lib/gcc/arm-none-eabi/4.8.3/armv7-m\libgcc.a(_arm_fixunssfsi.o)
                0x0800426c                __fixunssfsi
                0x0800426c                __aeabi_f2uiz
 .text          0x080042ac       0x2c c:/users/than/appdata/local/arduino15/packages/arduino/tools/arm-none-eabi-gcc/4.8.3-2014q1/bin/../lib/gcc/arm-none-eabi/4.8.3/armv7-m\libgcc.a(_aeabi_uldivmod.o)
                0x080042ac                __aeabi_uldivmod
 .text          0x080042d8       0x30 c:/users/than/appdata/local/arduino15/packages/arduino/tools/arm-none-eabi-gcc/4.8.3-2014q1/bin/../lib/gcc/arm-none-eabi/4.8.3/armv7-m\libgcc.a(_fixdfdi.o)
                0x080042d8                __fixdfdi
                0x080042d8                __aeabi_d2lz
 .text          0x08004308       0x44 c:/users/than/appdata/local/arduino15/packages/arduino/tools/arm-none-eabi-gcc/4.8.3-2014q1/bin/../lib/gcc/arm-none-eabi/4.8.3/armv7-m\libgcc.a(_fixunsdfdi.o)
                0x08004308                __fixunsdfdi
                0x08004308                __aeabi_d2ulz
 .text          0x0800434c       0x60 c:/users/than/appdata/local/arduino15/packages/arduino/tools/arm-none-eabi-gcc/4.8.3-2014q1/bin/../lib/gcc/arm-none-eabi/4.8.3/armv7-m\libgcc.a(bpabi.o)
                0x0800434c                __gnu_ldivmod_helper
                0x0800437c                __gnu_uldivmod_helper
 .text          0x080043ac        0x4 c:/users/than/appdata/local/arduino15/packages/arduino/tools/arm-none-eabi-gcc/4.8.3-2014q1/bin/../lib/gcc/arm-none-eabi/4.8.3/armv7-m\libgcc.a(_dvmd_tls.o)
                0x080043ac                __aeabi_idiv0
                0x080043ac                __aeabi_ldiv0
 .text          0x080043b0       0x40 c:/users/than/appdata/local/arduino15/packages/arduino/tools/arm-none-eabi-gcc/4.8.3-2014q1/bin/../lib/gcc/arm-none-eabi/4.8.3/armv7-m\libgcc.a(_arm_fixunsdfsi.o)
                0x080043b0                __aeabi_d2uiz
                0x080043b0                __fixunsdfsi
 .text          0x080043f0      0x2a0 c:/users/than/appdata/local/arduino15/packages/arduino/tools/arm-none-eabi-gcc/4.8.3-2014q1/bin/../lib/gcc/arm-none-eabi/4.8.3/armv7-m\libgcc.a(_divdi3.o)
                0x080043f0                __divdi3
 .text          0x08004690      0x290 c:/users/than/appdata/local/arduino15/packages/arduino/tools/arm-none-eabi-gcc/4.8.3-2014q1/bin/../lib/gcc/arm-none-eabi/4.8.3/armv7-m\libgcc.a(_udivdi3.o)
                0x08004690                __udivdi3
 .text.__errno  0x08004920        0xc c:/users/than/appdata/local/arduino15/packages/arduino/tools/arm-none-eabi-gcc/4.8.3-2014q1/bin/../lib/gcc/arm-none-eabi/4.8.3/../../../../arm-none-eabi/lib/armv7-m\libc.a(lib_a-errno.o)
                0x08004920                __errno
 .text.exit     0x0800492c       0x20 c:/users/than/appdata/local/arduino15/packages/arduino/tools/arm-none-eabi-gcc/4.8.3-2014q1/bin/../lib/gcc/arm-none-eabi/4.8.3/../../../../arm-none-eabi/lib/armv7-m\libc.a(lib_a-exit.o)
                0x0800492c                exit
 .text.__libc_init_array
                0x0800494c       0x50 c:/users/than/appdata/local/arduino15/packages/arduino/tools/arm-none-eabi-gcc/4.8.3-2014q1/bin/../lib/gcc/arm-none-eabi/4.8.3/../../../../arm-none-eabi/lib/armv7-m\libc.a(lib_a-init.o)
                0x0800494c                __libc_init_array
 .text.malloc   0x0800499c       0x10 c:/users/than/appdata/local/arduino15/packages/arduino/tools/arm-none-eabi-gcc/4.8.3-2014q1/bin/../lib/gcc/arm-none-eabi/4.8.3/../../../../arm-none-eabi/lib/armv7-m\libc.a(lib_a-malloc.o)
                0x0800499c                malloc
 .text.free     0x080049ac       0x10 c:/users/than/appdata/local/arduino15/packages/arduino/tools/arm-none-eabi-gcc/4.8.3-2014q1/bin/../lib/gcc/arm-none-eabi/4.8.3/../../../../arm-none-eabi/lib/armv7-m\libc.a(lib_a-malloc.o)
                0x080049ac                free
 .text._malloc_r
                0x080049bc      0x538 c:/users/than/appdata/local/arduino15/packages/arduino/tools/arm-none-eabi-gcc/4.8.3-2014q1/bin/../lib/gcc/arm-none-eabi/4.8.3/../../../../arm-none-eabi/lib/armv7-m\libc.a(lib_a-mallocr.o)
                0x080049bc                _malloc_r
 .text.__malloc_lock
                0x08004ef4        0x4 c:/users/than/appdata/local/arduino15/packages/arduino/tools/arm-none-eabi-gcc/4.8.3-2014q1/bin/../lib/gcc/arm-none-eabi/4.8.3/../../../../arm-none-eabi/lib/armv7-m\libc.a(lib_a-mlock.o)
                0x08004ef4                __malloc_lock
 .text.__malloc_unlock
                0x08004ef8        0x4 c:/users/than/appdata/local/arduino15/packages/arduino/tools/arm-none-eabi-gcc/4.8.3-2014q1/bin/../lib/gcc/arm-none-eabi/4.8.3/../../../../arm-none-eabi/lib/armv7-m\libc.a(lib_a-mlock.o)
                0x08004ef8                __malloc_unlock
 .text._sbrk_r  0x08004efc       0x24 c:/users/than/appdata/local/arduino15/packages/arduino/tools/arm-none-eabi-gcc/4.8.3-2014q1/bin/../lib/gcc/arm-none-eabi/4.8.3/../../../../arm-none-eabi/lib/armv7-m\libc.a(lib_a-sbrkr.o)
                0x08004efc                _sbrk_r
 .text.strlen   0x08004f20       0x60 c:/users/than/appdata/local/arduino15/packages/arduino/tools/arm-none-eabi-gcc/4.8.3-2014q1/bin/../lib/gcc/arm-none-eabi/4.8.3/../../../../arm-none-eabi/lib/armv7-m\libc.a(lib_a-strlen.o)
                0x08004f20                strlen
 .text.startup.register_fini
                0x08004f80       0x14 c:/users/than/appdata/local/arduino15/packages/arduino/tools/arm-none-eabi-gcc/4.8.3-2014q1/bin/../lib/gcc/arm-none-eabi/4.8.3/../../../../arm-none-eabi/lib/armv7-m\libc.a(lib_a-__call_atexit.o)
 .text.__call_exitprocs
                0x08004f94       0xf0 c:/users/than/appdata/local/arduino15/packages/arduino/tools/arm-none-eabi-gcc/4.8.3-2014q1/bin/../lib/gcc/arm-none-eabi/4.8.3/../../../../arm-none-eabi/lib/armv7-m\libc.a(lib_a-__call_atexit.o)
                0x08004f94                __call_exitprocs
 .text.atexit   0x08005084        0xc c:/users/than/appdata/local/arduino15/packages/arduino/tools/arm-none-eabi-gcc/4.8.3-2014q1/bin/../lib/gcc/arm-none-eabi/4.8.3/../../../../arm-none-eabi/lib/armv7-m\libc.a(lib_a-atexit.o)
                0x08005084                atexit
 .text.__libc_fini_array
                0x08005090       0x30 c:/users/than/appdata/local/arduino15/packages/arduino/tools/arm-none-eabi-gcc/4.8.3-2014q1/bin/../lib/gcc/arm-none-eabi/4.8.3/../../../../arm-none-eabi/lib/armv7-m\libc.a(lib_a-fini.o)
                0x08005090                __libc_fini_array
 .text._malloc_trim_r
                0x080050c0       0x9c c:/users/than/appdata/local/arduino15/packages/arduino/tools/arm-none-eabi-gcc/4.8.3-2014q1/bin/../lib/gcc/arm-none-eabi/4.8.3/../../../../arm-none-eabi/lib/armv7-m\libc.a(lib_a-freer.o)
                0x080050c0                _malloc_trim_r
 .text._free_r  0x0800515c      0x198 c:/users/than/appdata/local/arduino15/packages/arduino/tools/arm-none-eabi-gcc/4.8.3-2014q1/bin/../lib/gcc/arm-none-eabi/4.8.3/../../../../arm-none-eabi/lib/armv7-m\libc.a(lib_a-freer.o)
                0x0800515c                _free_r
 .text.__register_exitproc
                0x080052f4       0xa8 c:/users/than/appdata/local/arduino15/packages/arduino/tools/arm-none-eabi-gcc/4.8.3-2014q1/bin/../lib/gcc/arm-none-eabi/4.8.3/../../../../arm-none-eabi/lib/armv7-m\libc.a(lib_a-__atexit.o)
                0x080052f4                __register_exitproc
 *(.plt)
 *(.gnu.warning)
 *(.glue_7t)
 .glue_7t       0x00000000        0x0 linker stubs
 *(.glue_7)
 .glue_7        0x00000000        0x0 linker stubs
 *(.vfp11_veneer)
 .vfp11_veneer  0x00000000        0x0 linker stubs
 *(.ARM.extab* .gnu.linkonce.armextab.*)
 *(.gcc_except_table)
 *(.eh_frame_hdr)
 *(.eh_frame)
 .eh_frame      0x0800539c        0x0 c:/users/than/appdata/local/arduino15/packages/arduino/tools/arm-none-eabi-gcc/4.8.3-2014q1/bin/../lib/gcc/arm-none-eabi/4.8.3/armv7-m/crtbegin.o
                0x0800539c                . = ALIGN (0x4)
 *(.init)
 .init          0x0800539c        0x4 c:/users/than/appdata/local/arduino15/packages/arduino/tools/arm-none-eabi-gcc/4.8.3-2014q1/bin/../lib/gcc/arm-none-eabi/4.8.3/armv7-m/crti.o
                0x0800539c                _init
 .init          0x080053a0        0x8 c:/users/than/appdata/local/arduino15/packages/arduino/tools/arm-none-eabi-gcc/4.8.3-2014q1/bin/../lib/gcc/arm-none-eabi/4.8.3/armv7-m/crtn.o
                0x080053a8                . = ALIGN (0x4)
                0x080053a8                __preinit_array_start = .
 *(.preinit_array)
                0x080053a8                __preinit_array_end = .
                0x080053a8                . = ALIGN (0x4)
                0x080053a8                __init_array_start = .
 *(SORT(.init_array.*))
 .init_array.00000
                0x080053a8        0x4 c:/users/than/appdata/local/arduino15/packages/arduino/tools/arm-none-eabi-gcc/4.8.3-2014q1/bin/../lib/gcc/arm-none-eabi/4.8.3/../../../../arm-none-eabi/lib/armv7-m\libc.a(lib_a-__call_atexit.o)
 .init_array.00101
                0x080053ac        0x4 C:\Users\Than\AppData\Local\Temp\VMBuilds\Driver_DA\STM32_genericSTM32F103C\Debug/core.a(main.cpp.o)
 *(.init_array)
 .init_array    0x080053b0        0x4 c:/users/than/appdata/local/arduino15/packages/arduino/tools/arm-none-eabi-gcc/4.8.3-2014q1/bin/../lib/gcc/arm-none-eabi/4.8.3/armv7-m/crtbegin.o
 .init_array    0x080053b4        0x4 C:\Users\Than\AppData\Local\Temp\VMBuilds\Driver_DA\STM32_genericSTM32F103C\Debug\Driver_DA.cpp.o
 .init_array    0x080053b8        0x4 C:\Users\Than\AppData\Local\Temp\VMBuilds\Driver_DA\STM32_genericSTM32F103C\Debug\variant\board.cpp.o
 .init_array    0x080053bc        0x4 C:\Users\Than\AppData\Local\Temp\VMBuilds\Driver_DA\STM32_genericSTM32F103C\Debug/core.a(usb_serial.cpp.o)
                0x080053c0                __init_array_end = .
                0x080053c0                . = ALIGN (0x4)
 *crtbegin.o(.ctors)
 *(EXCLUDE_FILE(*crtend.o) .ctors)
 *(SORT(.ctors.*))
 *crtend.o(.ctors)
                0x080053c0                . = ALIGN (0x4)
 *(.fini)
 .fini          0x080053c0        0x4 c:/users/than/appdata/local/arduino15/packages/arduino/tools/arm-none-eabi-gcc/4.8.3-2014q1/bin/../lib/gcc/arm-none-eabi/4.8.3/armv7-m/crti.o
                0x080053c0                _fini
 .fini          0x080053c4        0x8 c:/users/than/appdata/local/arduino15/packages/arduino/tools/arm-none-eabi-gcc/4.8.3-2014q1/bin/../lib/gcc/arm-none-eabi/4.8.3/armv7-m/crtn.o
                0x080053cc                . = ALIGN (0x4)
                0x080053cc                __fini_array_start = .
 *(.fini_array)
 .fini_array    0x080053cc        0x4 c:/users/than/appdata/local/arduino15/packages/arduino/tools/arm-none-eabi-gcc/4.8.3-2014q1/bin/../lib/gcc/arm-none-eabi/4.8.3/armv7-m/crtbegin.o
 *(SORT(.fini_array.*))
                0x080053d0                __fini_array_end = .
 *crtbegin.o(.dtors)
 *(EXCLUDE_FILE(*crtend.o) .dtors)
 *(SORT(.dtors.*))
 *crtend.o(.dtors)

.v4_bx          0x080053d0        0x0
 .v4_bx         0x00000000        0x0 linker stubs

.iplt           0x080053d0        0x0
 .iplt          0x00000000        0x0 c:/users/than/appdata/local/arduino15/packages/arduino/tools/arm-none-eabi-gcc/4.8.3-2014q1/bin/../lib/gcc/arm-none-eabi/4.8.3/armv7-m/crtbegin.o

.text.align     0x080053d0        0x0
                0x080053d0                . = ALIGN (0x8)
                0x080053d0                __text_end__ = .
                0x080053d0                __exidx_start = .

.ARM.exidx      0x080053d0        0x8
 *(.ARM.exidx* .gnu.linkonce.armexidx.*)
 .ARM.exidx     0x080053d0        0x8 C:\Users\Than\AppData\Local\Temp\VMBuilds\Driver_DA\STM32_genericSTM32F103C\Debug\variant\start.S.o
 .ARM.exidx     0x080053d8        0x0 c:/users/than/appdata/local/arduino15/packages/arduino/tools/arm-none-eabi-gcc/4.8.3-2014q1/bin/../lib/gcc/arm-none-eabi/4.8.3/armv7-m\libgcc.a(_divdi3.o)
                                  0x8 (size before relaxing)
 .ARM.exidx     0x080053d8        0x0 c:/users/than/appdata/local/arduino15/packages/arduino/tools/arm-none-eabi-gcc/4.8.3-2014q1/bin/../lib/gcc/arm-none-eabi/4.8.3/armv7-m\libgcc.a(_udivdi3.o)
                                  0x8 (size before relaxing)
                0x080053d8                __exidx_end = .

.data           0x20000000      0xc08 load address 0x080053d8
                0x20000000                __data_start__ = .
                0x20000000        0x4 LONG 0x0
                0x20000008                . = ALIGN (0x8)
 *fill*         0x20000004        0x4 
 *(.got.plt)
 *(.got)
 *(.data .data.* .gnu.linkonce.d.*)
 .data.Kd2      0x20000008        0x4 C:\Users\Than\AppData\Local\Temp\VMBuilds\Driver_DA\STM32_genericSTM32F103C\Debug\Driver_DA.cpp.o
                0x20000008                Kd2
 .data.Kd       0x2000000c        0x4 C:\Users\Than\AppData\Local\Temp\VMBuilds\Driver_DA\STM32_genericSTM32F103C\Debug\Driver_DA.cpp.o
                0x2000000c                Kd
 .data.Kp       0x20000010        0x4 C:\Users\Than\AppData\Local\Temp\VMBuilds\Driver_DA\STM32_genericSTM32F103C\Debug\Driver_DA.cpp.o
                0x20000010                Kp
 .data.LedState
                0x20000014        0x4 C:\Users\Than\AppData\Local\Temp\VMBuilds\Driver_DA\STM32_genericSTM32F103C\Debug\Driver_DA.cpp.o
                0x20000014                LedState
 .data.Kp2      0x20000018        0x4 C:\Users\Than\AppData\Local\Temp\VMBuilds\Driver_DA\STM32_genericSTM32F103C\Debug\Driver_DA.cpp.o
                0x20000018                Kp2
 .data._ZN6wirish4privL8pll_dataE
                0x2000001c        0x4 C:\Users\Than\AppData\Local\Temp\VMBuilds\Driver_DA\STM32_genericSTM32F103C\Debug\variant\boards_setup.cpp.o
 .data._ZN6wirish4priv9w_adc_smpE
                0x20000020        0x1 C:\Users\Than\AppData\Local\Temp\VMBuilds\Driver_DA\STM32_genericSTM32F103C\Debug\variant\boards_setup.cpp.o
                0x20000020                wirish::priv::w_adc_smp
 *fill*         0x20000021        0x1 
 .data._ZN6wirish4priv9w_adc_preE
                0x20000022        0x2 C:\Users\Than\AppData\Local\Temp\VMBuilds\Driver_DA\STM32_genericSTM32F103C\Debug\variant\boards_setup.cpp.o
                0x20000022                wirish::priv::w_adc_pre
 .data._ZN6wirish4priv15w_board_pll_cfgE
                0x20000024        0x8 C:\Users\Than\AppData\Local\Temp\VMBuilds\Driver_DA\STM32_genericSTM32F103C\Debug\variant\boards_setup.cpp.o
                0x20000024                wirish::priv::w_board_pll_cfg
 .data.adc2     0x2000002c        0x8 C:\Users\Than\AppData\Local\Temp\VMBuilds\Driver_DA\STM32_genericSTM32F103C\Debug/core.a(adc_f1.c.o)
                0x2000002c                adc2
 .data.adc1     0x20000034       0x18 C:\Users\Than\AppData\Local\Temp\VMBuilds\Driver_DA\STM32_genericSTM32F103C\Debug/core.a(adc_f1.c.o)
                0x20000034                adc1
 .data.ADC2     0x2000004c        0x4 C:\Users\Than\AppData\Local\Temp\VMBuilds\Driver_DA\STM32_genericSTM32F103C\Debug/core.a(adc_f1.c.o)
                0x2000004c                ADC2
 .data.ADC1     0x20000050        0x4 C:\Users\Than\AppData\Local\Temp\VMBuilds\Driver_DA\STM32_genericSTM32F103C\Debug/core.a(adc_f1.c.o)
                0x20000050                ADC1
 .data.gpioa    0x20000054        0x8 C:\Users\Than\AppData\Local\Temp\VMBuilds\Driver_DA\STM32_genericSTM32F103C\Debug/core.a(gpio_f1.c.o)
                0x20000054                gpioa
 .data.gpiob    0x2000005c        0x8 C:\Users\Than\AppData\Local\Temp\VMBuilds\Driver_DA\STM32_genericSTM32F103C\Debug/core.a(gpio_f1.c.o)
                0x2000005c                gpiob
 .data.gpioc    0x20000064        0x8 C:\Users\Than\AppData\Local\Temp\VMBuilds\Driver_DA\STM32_genericSTM32F103C\Debug/core.a(gpio_f1.c.o)
                0x20000064                gpioc
 .data.gpiod    0x2000006c        0x8 C:\Users\Than\AppData\Local\Temp\VMBuilds\Driver_DA\STM32_genericSTM32F103C\Debug/core.a(gpio_f1.c.o)
                0x2000006c                gpiod
 .data.enable_regs.4411
                0x20000074        0xc C:\Users\Than\AppData\Local\Temp\VMBuilds\Driver_DA\STM32_genericSTM32F103C\Debug/core.a(rcc_f1.c.o)
 .data.reset_regs.4415
                0x20000080        0x8 C:\Users\Than\AppData\Local\Temp\VMBuilds\Driver_DA\STM32_genericSTM32F103C\Debug/core.a(rcc_f1.c.o)
 .data.enable_regs.4424
                0x20000088        0xc C:\Users\Than\AppData\Local\Temp\VMBuilds\Driver_DA\STM32_genericSTM32F103C\Debug/core.a(rcc_f1.c.o)
 .data.timer3   0x20000094       0x24 C:\Users\Than\AppData\Local\Temp\VMBuilds\Driver_DA\STM32_genericSTM32F103C\Debug/core.a(timer.c.o)
                0x20000094                timer3
 .data.timer4   0x200000b8       0x24 C:\Users\Than\AppData\Local\Temp\VMBuilds\Driver_DA\STM32_genericSTM32F103C\Debug/core.a(timer.c.o)
                0x200000b8                timer4
 .data.timer1   0x200000dc       0x28 C:\Users\Than\AppData\Local\Temp\VMBuilds\Driver_DA\STM32_genericSTM32F103C\Debug/core.a(timer.c.o)
                0x200000dc                timer1
 .data.timer2   0x20000104       0x24 C:\Users\Than\AppData\Local\Temp\VMBuilds\Driver_DA\STM32_genericSTM32F103C\Debug/core.a(timer.c.o)
                0x20000104                timer2
 .data.USART1   0x20000128        0x4 C:\Users\Than\AppData\Local\Temp\VMBuilds\Driver_DA\STM32_genericSTM32F103C\Debug/core.a(usart_f1.c.o)
                0x20000128                USART1
 .data.USART2   0x2000012c        0x4 C:\Users\Than\AppData\Local\Temp\VMBuilds\Driver_DA\STM32_genericSTM32F103C\Debug/core.a(usart_f1.c.o)
                0x2000012c                USART2
 .data.USART3   0x20000130        0x4 C:\Users\Than\AppData\Local\Temp\VMBuilds\Driver_DA\STM32_genericSTM32F103C\Debug/core.a(usart_f1.c.o)
                0x20000130                USART3
 .data.usart1   0x20000134       0x94 C:\Users\Than\AppData\Local\Temp\VMBuilds\Driver_DA\STM32_genericSTM32F103C\Debug/core.a(usart_f1.c.o)
 .data.usart2   0x200001c8       0x94 C:\Users\Than\AppData\Local\Temp\VMBuilds\Driver_DA\STM32_genericSTM32F103C\Debug/core.a(usart_f1.c.o)
 .data.usart3   0x2000025c       0x94 C:\Users\Than\AppData\Local\Temp\VMBuilds\Driver_DA\STM32_genericSTM32F103C\Debug/core.a(usart_f1.c.o)
 .data.USBLIB   0x200002f0        0x4 C:\Users\Than\AppData\Local\Temp\VMBuilds\Driver_DA\STM32_genericSTM32F103C\Debug/core.a(usb.c.o)
                0x200002f0                USBLIB
 .data.usblib   0x200002f4       0x10 C:\Users\Than\AppData\Local\Temp\VMBuilds\Driver_DA\STM32_genericSTM32F103C\Debug/core.a(usb.c.o)
 .data.Config_Descriptor
                0x20000304        0x8 C:\Users\Than\AppData\Local\Temp\VMBuilds\Driver_DA\STM32_genericSTM32F103C\Debug/core.a(usb_cdcacm.c.o)
 .data.Device_Property
                0x2000030c       0x30 C:\Users\Than\AppData\Local\Temp\VMBuilds\Driver_DA\STM32_genericSTM32F103C\Debug/core.a(usb_cdcacm.c.o)
                0x2000030c                Device_Property
 .data.ep_int_in
                0x2000033c       0x1c C:\Users\Than\AppData\Local\Temp\VMBuilds\Driver_DA\STM32_genericSTM32F103C\Debug/core.a(usb_cdcacm.c.o)
 .data.String_Descriptor
                0x20000358       0x18 C:\Users\Than\AppData\Local\Temp\VMBuilds\Driver_DA\STM32_genericSTM32F103C\Debug/core.a(usb_cdcacm.c.o)
 .data.ep_int_out
                0x20000370       0x1c C:\Users\Than\AppData\Local\Temp\VMBuilds\Driver_DA\STM32_genericSTM32F103C\Debug/core.a(usb_cdcacm.c.o)
 .data.line_coding
                0x2000038c        0x7 C:\Users\Than\AppData\Local\Temp\VMBuilds\Driver_DA\STM32_genericSTM32F103C\Debug/core.a(usb_cdcacm.c.o)
 *fill*         0x20000393        0x1 
 .data.User_Standard_Requests
                0x20000394       0x24 C:\Users\Than\AppData\Local\Temp\VMBuilds\Driver_DA\STM32_genericSTM32F103C\Debug/core.a(usb_cdcacm.c.o)
                0x20000394                User_Standard_Requests
 .data.Device_Descriptor
                0x200003b8        0x8 C:\Users\Than\AppData\Local\Temp\VMBuilds\Driver_DA\STM32_genericSTM32F103C\Debug/core.a(usb_cdcacm.c.o)
 .data.Device_Table
                0x200003c0        0x2 C:\Users\Than\AppData\Local\Temp\VMBuilds\Driver_DA\STM32_genericSTM32F103C\Debug/core.a(usb_cdcacm.c.o)
                0x200003c0                Device_Table
 *fill*         0x200003c2        0x6 
 .data.impure_data
                0x200003c8      0x428 c:/users/than/appdata/local/arduino15/packages/arduino/tools/arm-none-eabi-gcc/4.8.3-2014q1/bin/../lib/gcc/arm-none-eabi/4.8.3/../../../../arm-none-eabi/lib/armv7-m\libc.a(lib_a-impure.o)
 .data._impure_ptr
                0x200007f0        0x4 c:/users/than/appdata/local/arduino15/packages/arduino/tools/arm-none-eabi-gcc/4.8.3-2014q1/bin/../lib/gcc/arm-none-eabi/4.8.3/../../../../arm-none-eabi/lib/armv7-m\libc.a(lib_a-impure.o)
                0x200007f0                _impure_ptr
 .data.__malloc_av_
                0x200007f4      0x408 c:/users/than/appdata/local/arduino15/packages/arduino/tools/arm-none-eabi-gcc/4.8.3-2014q1/bin/../lib/gcc/arm-none-eabi/4.8.3/../../../../arm-none-eabi/lib/armv7-m\libc.a(lib_a-mallocr.o)
                0x200007f4                __malloc_av_
 .data.__malloc_trim_threshold
                0x20000bfc        0x4 c:/users/than/appdata/local/arduino15/packages/arduino/tools/arm-none-eabi-gcc/4.8.3-2014q1/bin/../lib/gcc/arm-none-eabi/4.8.3/../../../../arm-none-eabi/lib/armv7-m\libc.a(lib_a-mallocr.o)
                0x20000bfc                __malloc_trim_threshold
 .data.__malloc_sbrk_base
                0x20000c00        0x4 c:/users/than/appdata/local/arduino15/packages/arduino/tools/arm-none-eabi-gcc/4.8.3-2014q1/bin/../lib/gcc/arm-none-eabi/4.8.3/../../../../arm-none-eabi/lib/armv7-m\libc.a(lib_a-mallocr.o)
                0x20000c00                __malloc_sbrk_base
                0x20000c08                . = ALIGN (0x8)
 *fill*         0x20000c04        0x4 
                0x20000c08                __data_end__ = .

.jcr            0x20000c08        0x0 load address 0x08005fe0
 .jcr           0x20000c08        0x0 c:/users/than/appdata/local/arduino15/packages/arduino/tools/arm-none-eabi-gcc/4.8.3-2014q1/bin/../lib/gcc/arm-none-eabi/4.8.3/armv7-m/crtbegin.o

.igot.plt       0x20000c08        0x0 load address 0x08005fe0
 .igot.plt      0x00000000        0x0 c:/users/than/appdata/local/arduino15/packages/arduino/tools/arm-none-eabi-gcc/4.8.3-2014q1/bin/../lib/gcc/arm-none-eabi/4.8.3/armv7-m/crtbegin.o

.rodata         0x08005fe0      0x394
 *(.rodata .rodata.* .gnu.linkonce.r.*)
 .rodata.PIN_MAP
                0x08005fe0      0x230 C:\Users\Than\AppData\Local\Temp\VMBuilds\Driver_DA\STM32_genericSTM32F103C\Debug\variant\board.cpp.o
                0x08005fe0                PIN_MAP
 .rodata.GPIOC  0x08006210        0x4 C:\Users\Than\AppData\Local\Temp\VMBuilds\Driver_DA\STM32_genericSTM32F103C\Debug/core.a(gpio_f1.c.o)
                0x08006210                GPIOC
 .rodata.rcc_dev_table
                0x08006214       0x5c C:\Users\Than\AppData\Local\Temp\VMBuilds\Driver_DA\STM32_genericSTM32F103C\Debug/core.a(rcc_f1.c.o)
                0x08006214                rcc_dev_table
 .rodata.masks.4420
                0x08006270       0x14 C:\Users\Than\AppData\Local\Temp\VMBuilds\Driver_DA\STM32_genericSTM32F103C\Debug/core.a(rcc_f1.c.o)
 *fill*         0x08006284        0x4 
 .rodata._ZTV14HardwareSerial
                0x08006288       0x28 C:\Users\Than\AppData\Local\Temp\VMBuilds\Driver_DA\STM32_genericSTM32F103C\Debug/core.a(HardwareSerial.cpp.o)
                0x08006288                vtable for HardwareSerial
 .rodata.str1.1
                0x080062b0       0x11 C:\Users\Than\AppData\Local\Temp\VMBuilds\Driver_DA\STM32_genericSTM32F103C\Debug/core.a(Print.cpp.o)
 *fill*         0x080062c1        0x7 
 .rodata._ZTV9USBSerial
                0x080062c8       0x28 C:\Users\Than\AppData\Local\Temp\VMBuilds\Driver_DA\STM32_genericSTM32F103C\Debug/core.a(usb_serial.cpp.o)
                0x080062c8                vtable for USBSerial
 .rodata.usbVcomDescriptor_iProduct
                0x080062f0        0xc C:\Users\Than\AppData\Local\Temp\VMBuilds\Driver_DA\STM32_genericSTM32F103C\Debug/core.a(usb_cdcacm.c.o)
 .rodata.usbVcomDescriptor_iManufacturer
                0x080062fc       0x12 C:\Users\Than\AppData\Local\Temp\VMBuilds\Driver_DA\STM32_genericSTM32F103C\Debug/core.a(usb_cdcacm.c.o)
 .rodata.usbVcomDescriptor_Device
                0x0800630e       0x12 C:\Users\Than\AppData\Local\Temp\VMBuilds\Driver_DA\STM32_genericSTM32F103C\Debug/core.a(usb_cdcacm.c.o)
 .rodata.usbVcomDescriptor_Config
                0x08006320       0x43 C:\Users\Than\AppData\Local\Temp\VMBuilds\Driver_DA\STM32_genericSTM32F103C\Debug/core.a(usb_cdcacm.c.o)
 .rodata.usbVcomDescriptor_LangID
                0x08006363        0x4 C:\Users\Than\AppData\Local\Temp\VMBuilds\Driver_DA\STM32_genericSTM32F103C\Debug/core.a(usb_cdcacm.c.o)
 *fill*         0x08006367        0x1 
 .rodata.str1.4
                0x08006368        0x4 c:/users/than/appdata/local/arduino15/packages/arduino/tools/arm-none-eabi-gcc/4.8.3-2014q1/bin/../lib/gcc/arm-none-eabi/4.8.3/../../../../arm-none-eabi/lib/armv7-m\libc.a(lib_a-impure.o)
 .rodata._global_impure_ptr
                0x0800636c        0x4 c:/users/than/appdata/local/arduino15/packages/arduino/tools/arm-none-eabi-gcc/4.8.3-2014q1/bin/../lib/gcc/arm-none-eabi/4.8.3/../../../../arm-none-eabi/lib/armv7-m\libc.a(lib_a-impure.o)
                0x0800636c                _global_impure_ptr
 *(.USER_FLASH)
                0x08006370                . = ALIGN (0x4)
                0x08006370                _lm_rom_img_cfgp = .
                0x08006370        0x4 LONG 0x80053d8 LOADADDR (.data)
                0x20001050                _lm_heap_start = DEFINED (_lm_heap_start)?_lm_heap_start:_end
                0x20005000                _lm_heap_end = DEFINED (_lm_heap_end)?_lm_heap_end:__msp_init

.rel.dyn        0x08006374        0x0
 .rel.iplt      0x00000000        0x0 c:/users/than/appdata/local/arduino15/packages/arduino/tools/arm-none-eabi-gcc/4.8.3-2014q1/bin/../lib/gcc/arm-none-eabi/4.8.3/armv7-m/crtbegin.o

.bss            0x20000c08      0x448
                0x20000c08                . = ALIGN (0x8)
                0x20000c08                __bss_start__ = .
 *(.bss .bss.* .gnu.linkonce.b.*)
 .bss           0x20000c08       0x1c c:/users/than/appdata/local/arduino15/packages/arduino/tools/arm-none-eabi-gcc/4.8.3-2014q1/bin/../lib/gcc/arm-none-eabi/4.8.3/armv7-m/crtbegin.o
 .bss.DesiredSpeed
                0x20000c24        0x4 C:\Users\Than\AppData\Local\Temp\VMBuilds\Driver_DA\STM32_genericSTM32F103C\Debug\Driver_DA.cpp.o
                0x20000c24                DesiredSpeed
 .bss.I         0x20000c28        0x4 C:\Users\Than\AppData\Local\Temp\VMBuilds\Driver_DA\STM32_genericSTM32F103C\Debug\Driver_DA.cpp.o
                0x20000c28                I
 .bss.Offset2   0x20000c2c        0x4 C:\Users\Than\AppData\Local\Temp\VMBuilds\Driver_DA\STM32_genericSTM32F103C\Debug\Driver_DA.cpp.o
                0x20000c2c                Offset2
 .bss.Ki        0x20000c30        0x4 C:\Users\Than\AppData\Local\Temp\VMBuilds\Driver_DA\STM32_genericSTM32F103C\Debug\Driver_DA.cpp.o
                0x20000c30                Ki
 .bss.Ki2       0x20000c34        0x4 C:\Users\Than\AppData\Local\Temp\VMBuilds\Driver_DA\STM32_genericSTM32F103C\Debug\Driver_DA.cpp.o
                0x20000c34                Ki2
 .bss.ControlPack
                0x20000c38        0x3 C:\Users\Than\AppData\Local\Temp\VMBuilds\Driver_DA\STM32_genericSTM32F103C\Debug\Driver_DA.cpp.o
                0x20000c38                ControlPack
 *fill*         0x20000c3b        0x1 
 .bss.P         0x20000c3c        0x4 C:\Users\Than\AppData\Local\Temp\VMBuilds\Driver_DA\STM32_genericSTM32F103C\Debug\Driver_DA.cpp.o
                0x20000c3c                P
 .bss.PWMValue  0x20000c40        0x4 C:\Users\Than\AppData\Local\Temp\VMBuilds\Driver_DA\STM32_genericSTM32F103C\Debug\Driver_DA.cpp.o
                0x20000c40                PWMValue
 .bss.ReceiveScheduler
                0x20000c44        0x8 C:\Users\Than\AppData\Local\Temp\VMBuilds\Driver_DA\STM32_genericSTM32F103C\Debug\Driver_DA.cpp.o
                0x20000c44                ReceiveScheduler
 .bss.PositionPIDScheduler
                0x20000c4c        0x8 C:\Users\Than\AppData\Local\Temp\VMBuilds\Driver_DA\STM32_genericSTM32F103C\Debug\Driver_DA.cpp.o
                0x20000c4c                PositionPIDScheduler
 .bss.CountedPulse
                0x20000c54        0x4 C:\Users\Than\AppData\Local\Temp\VMBuilds\Driver_DA\STM32_genericSTM32F103C\Debug\Driver_DA.cpp.o
                0x20000c54                CountedPulse
 .bss.Error     0x20000c58        0x4 C:\Users\Than\AppData\Local\Temp\VMBuilds\Driver_DA\STM32_genericSTM32F103C\Debug\Driver_DA.cpp.o
                0x20000c58                Error
 .bss.DesiredPosition
                0x20000c5c        0x4 C:\Users\Than\AppData\Local\Temp\VMBuilds\Driver_DA\STM32_genericSTM32F103C\Debug\Driver_DA.cpp.o
                0x20000c5c                DesiredPosition
 .bss.dError    0x20000c60        0x4 C:\Users\Than\AppData\Local\Temp\VMBuilds\Driver_DA\STM32_genericSTM32F103C\Debug\Driver_DA.cpp.o
                0x20000c60                dError
 .bss.LastLastError
                0x20000c64        0x4 C:\Users\Than\AppData\Local\Temp\VMBuilds\Driver_DA\STM32_genericSTM32F103C\Debug\Driver_DA.cpp.o
                0x20000c64                LastLastError
 .bss.BlinkScheduler
                0x20000c68        0x8 C:\Users\Than\AppData\Local\Temp\VMBuilds\Driver_DA\STM32_genericSTM32F103C\Debug\Driver_DA.cpp.o
                0x20000c68                BlinkScheduler
 .bss.LastError
                0x20000c70        0x4 C:\Users\Than\AppData\Local\Temp\VMBuilds\Driver_DA\STM32_genericSTM32F103C\Debug\Driver_DA.cpp.o
                0x20000c70                LastError
 .bss.TurningMode
                0x20000c74        0x1 C:\Users\Than\AppData\Local\Temp\VMBuilds\Driver_DA\STM32_genericSTM32F103C\Debug\Driver_DA.cpp.o
                0x20000c74                TurningMode
 *fill*         0x20000c75        0x3 
 .bss.VelocityPIDScheduler
                0x20000c78        0x8 C:\Users\Than\AppData\Local\Temp\VMBuilds\Driver_DA\STM32_genericSTM32F103C\Debug\Driver_DA.cpp.o
                0x20000c78                VelocityPIDScheduler
 .bss.D         0x20000c80        0x4 C:\Users\Than\AppData\Local\Temp\VMBuilds\Driver_DA\STM32_genericSTM32F103C\Debug\Driver_DA.cpp.o
                0x20000c80                D
 .bss.pbreak.4444
                0x20000c84        0x4 C:\Users\Than\AppData\Local\Temp\VMBuilds\Driver_DA\STM32_genericSTM32F103C\Debug\variant\syscalls.c.o
 .bss.Serial1   0x20000c88       0x18 C:\Users\Than\AppData\Local\Temp\VMBuilds\Driver_DA\STM32_genericSTM32F103C\Debug\variant\board.cpp.o
                0x20000c88                Serial1
 .bss.Serial2   0x20000ca0       0x18 C:\Users\Than\AppData\Local\Temp\VMBuilds\Driver_DA\STM32_genericSTM32F103C\Debug\variant\board.cpp.o
                0x20000ca0                Serial2
 .bss.Serial3   0x20000cb8       0x18 C:\Users\Than\AppData\Local\Temp\VMBuilds\Driver_DA\STM32_genericSTM32F103C\Debug\variant\board.cpp.o
                0x20000cb8                Serial3
 .bss.systick_user_callback
                0x20000cd0        0x4 C:\Users\Than\AppData\Local\Temp\VMBuilds\Driver_DA\STM32_genericSTM32F103C\Debug/core.a(systick.c.o)
 .bss.usart1_wb
                0x20000cd4        0xc C:\Users\Than\AppData\Local\Temp\VMBuilds\Driver_DA\STM32_genericSTM32F103C\Debug/core.a(usart_f1.c.o)
 .bss.usart1_rb
                0x20000ce0        0xc C:\Users\Than\AppData\Local\Temp\VMBuilds\Driver_DA\STM32_genericSTM32F103C\Debug/core.a(usart_f1.c.o)
 .bss.usart2_rb
                0x20000cec        0xc C:\Users\Than\AppData\Local\Temp\VMBuilds\Driver_DA\STM32_genericSTM32F103C\Debug/core.a(usart_f1.c.o)
 .bss.usart3_rb
                0x20000cf8        0xc C:\Users\Than\AppData\Local\Temp\VMBuilds\Driver_DA\STM32_genericSTM32F103C\Debug/core.a(usart_f1.c.o)
 .bss.usart2_wb
                0x20000d04        0xc C:\Users\Than\AppData\Local\Temp\VMBuilds\Driver_DA\STM32_genericSTM32F103C\Debug/core.a(usart_f1.c.o)
 .bss.usart3_wb
                0x20000d10        0xc C:\Users\Than\AppData\Local\Temp\VMBuilds\Driver_DA\STM32_genericSTM32F103C\Debug/core.a(usart_f1.c.o)
 .bss._ZN9USBSerial9_hasBegunE
                0x20000d1c        0x1 C:\Users\Than\AppData\Local\Temp\VMBuilds\Driver_DA\STM32_genericSTM32F103C\Debug/core.a(usb_serial.cpp.o)
                0x20000d1c                USBSerial::_hasBegun
 *fill*         0x20000d1d        0x3 
 .bss.Serial    0x20000d20       0x10 C:\Users\Than\AppData\Local\Temp\VMBuilds\Driver_DA\STM32_genericSTM32F103C\Debug/core.a(usb_serial.cpp.o)
                0x20000d20                Serial
 .bss._ZL11reset_state
                0x20000d30        0x1 C:\Users\Than\AppData\Local\Temp\VMBuilds\Driver_DA\STM32_genericSTM32F103C\Debug/core.a(usb_serial.cpp.o)
 *fill*         0x20000d31        0x3 
 .bss.exti_channels
                0x20000d34       0x80 C:\Users\Than\AppData\Local\Temp\VMBuilds\Driver_DA\STM32_genericSTM32F103C\Debug/core.a(exti.c.o)
 .bss.line_dtr_rts
                0x20000db4        0x1 C:\Users\Than\AppData\Local\Temp\VMBuilds\Driver_DA\STM32_genericSTM32F103C\Debug/core.a(usb_cdcacm.c.o)
 .bss.vcomBufferTx
                0x20000db5      0x100 C:\Users\Than\AppData\Local\Temp\VMBuilds\Driver_DA\STM32_genericSTM32F103C\Debug/core.a(usb_cdcacm.c.o)
 *fill*         0x20000eb5        0x3 
 .bss.tx_head   0x20000eb8        0x4 C:\Users\Than\AppData\Local\Temp\VMBuilds\Driver_DA\STM32_genericSTM32F103C\Debug/core.a(usb_cdcacm.c.o)
 .bss.rx_hook   0x20000ebc        0x4 C:\Users\Than\AppData\Local\Temp\VMBuilds\Driver_DA\STM32_genericSTM32F103C\Debug/core.a(usb_cdcacm.c.o)
 .bss.vcomBufferRx
                0x20000ec0      0x100 C:\Users\Than\AppData\Local\Temp\VMBuilds\Driver_DA\STM32_genericSTM32F103C\Debug/core.a(usb_cdcacm.c.o)
 .bss.transmitting
                0x20000fc0        0x1 C:\Users\Than\AppData\Local\Temp\VMBuilds\Driver_DA\STM32_genericSTM32F103C\Debug/core.a(usb_cdcacm.c.o)
 *fill*         0x20000fc1        0x3 
 .bss.rx_tail   0x20000fc4        0x4 C:\Users\Than\AppData\Local\Temp\VMBuilds\Driver_DA\STM32_genericSTM32F103C\Debug/core.a(usb_cdcacm.c.o)
 .bss.iface_setup_hook
                0x20000fc8        0x4 C:\Users\Than\AppData\Local\Temp\VMBuilds\Driver_DA\STM32_genericSTM32F103C\Debug/core.a(usb_cdcacm.c.o)
 .bss.rx_head   0x20000fcc        0x4 C:\Users\Than\AppData\Local\Temp\VMBuilds\Driver_DA\STM32_genericSTM32F103C\Debug/core.a(usb_cdcacm.c.o)
 .bss.tx_tail   0x20000fd0        0x4 C:\Users\Than\AppData\Local\Temp\VMBuilds\Driver_DA\STM32_genericSTM32F103C\Debug/core.a(usb_cdcacm.c.o)
 .bss.Data_Mul_MaxPacketSize
                0x20000fd4        0x1 C:\Users\Than\AppData\Local\Temp\VMBuilds\Driver_DA\STM32_genericSTM32F103C\Debug/core.a(usb_core.c.o)
                0x20000fd4                Data_Mul_MaxPacketSize
 *fill*         0x20000fd5        0x3 
 .bss.__malloc_max_total_mem
                0x20000fd8        0x4 c:/users/than/appdata/local/arduino15/packages/arduino/tools/arm-none-eabi-gcc/4.8.3-2014q1/bin/../lib/gcc/arm-none-eabi/4.8.3/../../../../arm-none-eabi/lib/armv7-m\libc.a(lib_a-mallocr.o)
                0x20000fd8                __malloc_max_total_mem
 .bss.__malloc_max_sbrked_mem
                0x20000fdc        0x4 c:/users/than/appdata/local/arduino15/packages/arduino/tools/arm-none-eabi-gcc/4.8.3-2014q1/bin/../lib/gcc/arm-none-eabi/4.8.3/../../../../arm-none-eabi/lib/armv7-m\libc.a(lib_a-mallocr.o)
                0x20000fdc                __malloc_max_sbrked_mem
 .bss.__malloc_top_pad
                0x20000fe0        0x4 c:/users/than/appdata/local/arduino15/packages/arduino/tools/arm-none-eabi-gcc/4.8.3-2014q1/bin/../lib/gcc/arm-none-eabi/4.8.3/../../../../arm-none-eabi/lib/armv7-m\libc.a(lib_a-mallocr.o)
                0x20000fe0                __malloc_top_pad
 .bss.__malloc_current_mallinfo
                0x20000fe4       0x28 c:/users/than/appdata/local/arduino15/packages/arduino/tools/arm-none-eabi-gcc/4.8.3-2014q1/bin/../lib/gcc/arm-none-eabi/4.8.3/../../../../arm-none-eabi/lib/armv7-m\libc.a(lib_a-mallocr.o)
                0x20000fe4                __malloc_current_mallinfo
 *(COMMON)
 COMMON         0x2000100c        0x4 C:\Users\Than\AppData\Local\Temp\VMBuilds\Driver_DA\STM32_genericSTM32F103C\Debug/core.a(systick.c.o)
                0x2000100c                systick_uptime_millis
 COMMON         0x20001010        0x6 C:\Users\Than\AppData\Local\Temp\VMBuilds\Driver_DA\STM32_genericSTM32F103C\Debug/core.a(usb.c.o)
                0x20001010                SaveRState
                0x20001012                SaveTState
                0x20001014                ResumeS
 COMMON         0x20001016        0x2 C:\Users\Than\AppData\Local\Temp\VMBuilds\Driver_DA\STM32_genericSTM32F103C\Debug/core.a(usb_core.c.o)
                0x20001016                StatusInfo
 COMMON         0x20001018       0x32 C:\Users\Than\AppData\Local\Temp\VMBuilds\Driver_DA\STM32_genericSTM32F103C\Debug/core.a(usb_init.c.o)
                0x20001018                SaveState
                0x2000101c                pProperty
                0x20001020                EPindex
                0x20001024                Device_Info
                0x20001040                pUser_Standard_Requests
                0x20001044                pInformation
                0x20001048                wInterrupt_Mask
 *fill*         0x2000104a        0x2 
 COMMON         0x2000104c        0x4 c:/users/than/appdata/local/arduino15/packages/arduino/tools/arm-none-eabi-gcc/4.8.3-2014q1/bin/../lib/gcc/arm-none-eabi/4.8.3/../../../../arm-none-eabi/lib/armv7-m\libc.a(lib_a-reent.o)
                0x2000104c                errno
                0x20001050                . = ALIGN (0x8)
                0x20001050                __bss_end__ = .
                0x20001050                _end = __bss_end__

.stab
 *(.stab)

.stabstr
 *(.stabstr)

.debug
 *(.debug)

.line
 *(.line)

.debug_srcinfo
 *(.debug_srcinfo)

.debug_sfnames
 *(.debug_sfnames)

.debug_aranges  0x00000000     0x11f8
 *(.debug_aranges)
 .debug_aranges
                0x00000000       0x80 C:\Users\Than\AppData\Local\Temp\VMBuilds\Driver_DA\STM32_genericSTM32F103C\Debug\Driver_DA.cpp.o
 .debug_aranges
                0x00000080       0x38 C:\Users\Than\AppData\Local\Temp\VMBuilds\Driver_DA\STM32_genericSTM32F103C\Debug\MultiThread.cpp.o
 .debug_aranges
                0x000000b8       0x20 C:\Users\Than\AppData\Local\Temp\VMBuilds\Driver_DA\STM32_genericSTM32F103C\Debug\variant\start.S.o
 .debug_aranges
                0x000000d8       0x20 C:\Users\Than\AppData\Local\Temp\VMBuilds\Driver_DA\STM32_genericSTM32F103C\Debug\variant\start_c.c.o
 .debug_aranges
                0x000000f8       0x88 C:\Users\Than\AppData\Local\Temp\VMBuilds\Driver_DA\STM32_genericSTM32F103C\Debug\variant\syscalls.c.o
 .debug_aranges
                0x00000180       0x28 C:\Users\Than\AppData\Local\Temp\VMBuilds\Driver_DA\STM32_genericSTM32F103C\Debug\variant\board.cpp.o
 .debug_aranges
                0x000001a8       0x40 C:\Users\Than\AppData\Local\Temp\VMBuilds\Driver_DA\STM32_genericSTM32F103C\Debug\variant\boards.cpp.o
 .debug_aranges
                0x000001e8       0x40 C:\Users\Than\AppData\Local\Temp\VMBuilds\Driver_DA\STM32_genericSTM32F103C\Debug\variant\boards_setup.cpp.o
 .debug_aranges
                0x00000228       0x20 C:\Users\Than\AppData\Local\Temp\VMBuilds\Driver_DA\STM32_genericSTM32F103C\Debug/core.a(exc.S.o)
 .debug_aranges
                0x00000248       0x20 C:\Users\Than\AppData\Local\Temp\VMBuilds\Driver_DA\STM32_genericSTM32F103C\Debug/core.a(isrs.S.o)
 .debug_aranges
                0x00000268       0x38 C:\Users\Than\AppData\Local\Temp\VMBuilds\Driver_DA\STM32_genericSTM32F103C\Debug/core.a(adc.c.o)
 .debug_aranges
                0x000002a0       0x58 C:\Users\Than\AppData\Local\Temp\VMBuilds\Driver_DA\STM32_genericSTM32F103C\Debug/core.a(adc_f1.c.o)
 .debug_aranges
                0x000002f8       0x20 C:\Users\Than\AppData\Local\Temp\VMBuilds\Driver_DA\STM32_genericSTM32F103C\Debug/core.a(flash.c.o)
 .debug_aranges